Component: ARM Compiler 5.06 update 6 (build 750) Tool: armlink [4d35ed]

==============================================================================

Section Cross References

    startup_stm32f103xb.o(RESET) refers to startup_stm32f103xb.o(STACK) for __initial_sp
    startup_stm32f103xb.o(RESET) refers to startup_stm32f103xb.o(.text) for Reset_Handler
    startup_stm32f103xb.o(RESET) refers to stm32f1xx_it.o(i.NMI_Handler) for NMI_Handler
    startup_stm32f103xb.o(RESET) refers to stm32f1xx_it.o(i.HardFault_Handler) for HardFault_Handler
    startup_stm32f103xb.o(RESET) refers to stm32f1xx_it.o(i.MemManage_Handler) for MemManage_Handler
    startup_stm32f103xb.o(RESET) refers to stm32f1xx_it.o(i.BusFault_Handler) for BusFault_Handler
    startup_stm32f103xb.o(RESET) refers to stm32f1xx_it.o(i.UsageFault_Handler) for UsageFault_Handler
    startup_stm32f103xb.o(RESET) refers to stm32f1xx_it.o(i.SVC_Handler) for SVC_Handler
    startup_stm32f103xb.o(RESET) refers to stm32f1xx_it.o(i.DebugMon_Handler) for DebugMon_Handler
    startup_stm32f103xb.o(RESET) refers to stm32f1xx_it.o(i.PendSV_Handler) for PendSV_Handler
    startup_stm32f103xb.o(RESET) refers to stm32f1xx_it.o(i.SysTick_Handler) for SysTick_Handler
    startup_stm32f103xb.o(RESET) refers to stm32f1xx_it.o(i.RTC_IRQHandler) for RTC_IRQHandler
    startup_stm32f103xb.o(RESET) refers to stm32f1xx_it.o(i.DMA1_Channel2_IRQHandler) for DMA1_Channel2_IRQHandler
    startup_stm32f103xb.o(RESET) refers to stm32f1xx_it.o(i.DMA1_Channel3_IRQHandler) for DMA1_Channel3_IRQHandler
    startup_stm32f103xb.o(RESET) refers to stm32f1xx_it.o(i.DMA1_Channel4_IRQHandler) for DMA1_Channel4_IRQHandler
    startup_stm32f103xb.o(RESET) refers to stm32f1xx_it.o(i.DMA1_Channel5_IRQHandler) for DMA1_Channel5_IRQHandler
    startup_stm32f103xb.o(RESET) refers to stm32f1xx_it.o(i.DMA1_Channel6_IRQHandler) for DMA1_Channel6_IRQHandler
    startup_stm32f103xb.o(RESET) refers to stm32f1xx_it.o(i.DMA1_Channel7_IRQHandler) for DMA1_Channel7_IRQHandler
    startup_stm32f103xb.o(RESET) refers to stm32f1xx_it.o(i.USB_LP_CAN1_RX0_IRQHandler) for USB_LP_CAN1_RX0_IRQHandler
    startup_stm32f103xb.o(RESET) refers to stm32f1xx_it.o(i.EXTI9_5_IRQHandler) for EXTI9_5_IRQHandler
    startup_stm32f103xb.o(RESET) refers to stm32f1xx_it.o(i.TIM1_UP_IRQHandler) for TIM1_UP_IRQHandler
    startup_stm32f103xb.o(RESET) refers to stm32f1xx_it.o(i.TIM4_IRQHandler) for TIM4_IRQHandler
    startup_stm32f103xb.o(RESET) refers to stm32f1xx_it.o(i.I2C1_EV_IRQHandler) for I2C1_EV_IRQHandler
    startup_stm32f103xb.o(RESET) refers to stm32f1xx_it.o(i.I2C1_ER_IRQHandler) for I2C1_ER_IRQHandler
    startup_stm32f103xb.o(RESET) refers to stm32f1xx_it.o(i.SPI1_IRQHandler) for SPI1_IRQHandler
    startup_stm32f103xb.o(RESET) refers to stm32f1xx_it.o(i.USART1_IRQHandler) for USART1_IRQHandler
    startup_stm32f103xb.o(RESET) refers to stm32f1xx_it.o(i.USART2_IRQHandler) for USART2_IRQHandler
    startup_stm32f103xb.o(RESET) refers to uart_idle.o(i.USART3_IRQHandler) for USART3_IRQHandler
    startup_stm32f103xb.o(.text) refers to system_stm32f1xx.o(i.SystemInit) for SystemInit
    startup_stm32f103xb.o(.text) refers to entry.o(.ARM.Collect$$$$00000000) for __main
    main.o(i.HAL_TIM_PeriodElapsedCallback) refers to stm32f1xx_hal.o(i.HAL_IncTick) for HAL_IncTick
    main.o(i.MX_NVIC_Init) refers to stm32f1xx_hal_cortex.o(i.HAL_NVIC_SetPriority) for HAL_NVIC_SetPriority
    main.o(i.MX_NVIC_Init) refers to stm32f1xx_hal_cortex.o(i.HAL_NVIC_EnableIRQ) for HAL_NVIC_EnableIRQ
    main.o(i.SystemClock_Config) refers to stm32f1xx_hal_rcc.o(i.HAL_RCC_OscConfig) for HAL_RCC_OscConfig
    main.o(i.SystemClock_Config) refers to stm32f1xx_hal_rcc.o(i.HAL_RCC_ClockConfig) for HAL_RCC_ClockConfig
    main.o(i.SystemClock_Config) refers to stm32f1xx_hal_rcc_ex.o(i.HAL_RCCEx_PeriphCLKConfig) for HAL_RCCEx_PeriphCLKConfig
    main.o(i.SystemClock_Config) refers to stm32f1xx_hal_rcc.o(i.HAL_RCC_GetHCLKFreq) for HAL_RCC_GetHCLKFreq
    main.o(i.SystemClock_Config) refers to stm32f1xx_hal_cortex.o(i.HAL_SYSTICK_Config) for HAL_SYSTICK_Config
    main.o(i.SystemClock_Config) refers to stm32f1xx_hal_cortex.o(i.HAL_SYSTICK_CLKSourceConfig) for HAL_SYSTICK_CLKSourceConfig
    main.o(i.SystemClock_Config) refers to stm32f1xx_hal_cortex.o(i.HAL_NVIC_SetPriority) for HAL_NVIC_SetPriority
    main.o(i.main) refers to stm32f1xx_hal.o(i.HAL_Init) for HAL_Init
    main.o(i.main) refers to main.o(i.SystemClock_Config) for SystemClock_Config
    main.o(i.main) refers to gpio.o(i.MX_GPIO_Init) for MX_GPIO_Init
    main.o(i.main) refers to dma.o(i.MX_DMA_Init) for MX_DMA_Init
    main.o(i.main) refers to usart.o(i.MX_USART2_UART_Init) for MX_USART2_UART_Init
    main.o(i.main) refers to usart.o(i.MX_USART3_UART_Init) for MX_USART3_UART_Init
    main.o(i.main) refers to usart.o(i.MX_USART1_UART_Init) for MX_USART1_UART_Init
    main.o(i.main) refers to spi.o(i.MX_SPI1_Init) for MX_SPI1_Init
[...]
    i.USBD_LL_SetUSBAddress                  0x08004c56   Section        0  usbd_conf.o(i.USBD_LL_SetUSBAddress)
    i.USBD_LL_SetupStage                     0x08004c76   Section        0  usbd_core.o(i.USBD_LL_SetupStage)
    i.USBD_LL_StallEP                        0x08004cd0   Section        0  usbd_conf.o(i.USBD_LL_StallEP)
    i.USBD_LL_Start                          0x08004cf0   Section        0  usbd_conf.o(i.USBD_LL_Start)
    i.USBD_LL_Suspend                        0x08004d10   Section        0  usbd_core.o(i.USBD_LL_Suspend)
    i.USBD_LL_Transmit                       0x08004d22   Section        0  usbd_conf.o(i.USBD_LL_Transmit)
    i.USBD_ParseSetupRequest                 0x08004d42   Section        0  usbd_ctlreq.o(i.USBD_ParseSetupRequest)
    i.USBD_RegisterClass                     0x08004d6a   Section        0  usbd_core.o(i.USBD_RegisterClass)
    i.USBD_SetClassConfig                    0x08004d7a   Section        0  usbd_core.o(i.USBD_SetClassConfig)
    i.USBD_SetConfig                         0x08004d90   Section        0  usbd_ctlreq.o(i.USBD_SetConfig)
    USBD_SetConfig                           0x08004d91   Thumb Code   110  usbd_ctlreq.o(i.USBD_SetConfig)
    i.USBD_Start                             0x08004e04   Section        0  usbd_core.o(i.USBD_Start)
    i.USBD_StdDevReq                         0x08004e0e   Section        0  usbd_ctlreq.o(i.USBD_StdDevReq)
    i.USBD_StdEPReq                          0x08004f00   Section        0  usbd_ctlreq.o(i.USBD_StdEPReq)
    i.USBD_StdItfReq                         0x08004fdc   Section        0  usbd_ctlreq.o(i.USBD_StdItfReq)
    i.USBD_static_free                       0x08005010   Section        0  usbd_conf.o(i.USBD_static_free)
    i.USBD_static_malloc                     0x08005014   Section        0  usbd_conf.o(i.USBD_static_malloc)
    i.USB_ActivateEndpoint                   0x0800501c   Section        0  stm32f1xx_ll_usb.o(i.USB_ActivateEndpoint)
    i.USB_CoreInit                           0x08005278   Section        0  stm32f1xx_ll_usb.o(i.USB_CoreInit)
    i.USB_DeactivateEndpoint                 0x0800527c   Section        0  stm32f1xx_ll_usb.o(i.USB_DeactivateEndpoint)
    i.USB_DevConnect                         0x080053a0   Section        0  stm32f1xx_ll_usb.o(i.USB_DevConnect)
    i.USB_DevDisconnect                      0x080053a4   Section        0  stm32f1xx_ll_usb.o(i.USB_DevDisconnect)
    i.USB_DevInit                            0x080053a8   Section        0  stm32f1xx_ll_usb.o(i.USB_DevInit)
    i.USB_DisableGlobalInt                   0x080053c6   Section        0  stm32f1xx_ll_usb.o(i.USB_DisableGlobalInt)
    i.USB_EP0_OutStart                       0x080053d4   Section        0  stm32f1xx_ll_usb.o(i.USB_EP0_OutStart)
    i.USB_EPClearStall                       0x080053d8   Section        0  stm32f1xx_ll_usb.o(i.USB_EPClearStall)
    i.USB_EPSetStall                         0x08005442   Section        0  stm32f1xx_ll_usb.o(i.USB_EPSetStall)
    i.USB_EPStartXfer                        0x0800548c   Section        0  stm32f1xx_ll_usb.o(i.USB_EPStartXfer)
    i.USB_EnableGlobalInt                    0x08005636   Section        0  stm32f1xx_ll_usb.o(i.USB_EnableGlobalInt)
    i.USB_LP_CAN1_RX0_IRQHandler             0x08005644   Section        0  stm32f1xx_it.o(i.USB_LP_CAN1_RX0_IRQHandler)
    i.USB_ReadInterrupts                     0x08005650   Section        0  stm32f1xx_ll_usb.o(i.USB_ReadInterrupts)
    i.USB_ReadPMA                            0x08005658   Section        0  stm32f1xx_ll_usb.o(i.USB_ReadPMA)
    i.USB_SetCurrentMode                     0x08005676   Section        0  stm32f1xx_ll_usb.o(i.USB_SetCurrentMode)
    i.USB_SetDevAddress                      0x0800567a   Section        0  stm32f1xx_ll_usb.o(i.USB_SetDevAddress)
    i.USB_WritePMA                           0x08005686   Section        0  stm32f1xx_ll_usb.o(i.USB_WritePMA)
    i.UsageFault_Handler                     0x080056ac   Section        0  stm32f1xx_it.o(i.UsageFault_Handler)
    i._Error_Handler                         0x080056ae   Section        0  main.o(i._Error_Handler)
    i.__0printf                              0x080056b0   Section        0  printfa.o(i.__0printf)
    i.__scatterload_copy                     0x080056d0   Section       14  handlers.o(i.__scatterload_copy)
    i.__scatterload_null                     0x080056de   Section        2  handlers.o(i.__scatterload_null)
    i.__scatterload_zeroinit                 0x080056e0   Section       14  handlers.o(i.__scatterload_zeroinit)
    i._fp_digits                             0x080056f0   Section        0  printfa.o(i._fp_digits)
    _fp_digits                               0x080056f1   Thumb Code   366  printfa.o(i._fp_digits)
    i._printf_core                           0x08005874   Section        0  printfa.o(i._printf_core)
    _printf_core                             0x08005875   Thumb Code  1744  printfa.o(i._printf_core)
    i._printf_post_padding                   0x08005f50   Section        0  printfa.o(i._printf_post_padding)
    _printf_post_padding                     0x08005f51   Thumb Code    36  printfa.o(i._printf_post_padding)
    i._printf_pre_padding                    0x08005f74   Section        0  printfa.o(i._printf_pre_padding)
    _printf_pre_padding                      0x08005f75   Thumb Code    46  printfa.o(i._printf_pre_padding)
    i.at_receive_handle                      0x08005fa4   Section        0  atcmd.o(i.at_receive_handle)
    i.fputc                                  0x08006034   Section        0  uart_idle.o(i.fputc)
    i.main                                   0x08006050   Section        0  main.o(i.main)
    .constdata                               0x0800613c   Section       16  system_stm32f1xx.o(.constdata)
    .constdata                               0x0800614c   Section        8  system_stm32f1xx.o(.constdata)
    .data                                    0x20000000   Section       28  usbd_desc.o(.data)
    .data                                    0x2000001c   Section       22  usbd_desc.o(.data)
    .data                                    0x20000034   Section       12  stm32f1xx_hal.o(.data)
    .data                                    0x20000040   Section        4  system_stm32f1xx.o(.data)
    .data                                    0x20000044   Section        1  usbd_ctlreq.o(.data)
    cfgidx                                   0x20000044   Data           1  usbd_ctlreq.o(.data)
    .data                                    0x20000048   Section       56  usbd_hid.o(.data)
    .data                                    0x20000080   Section      134  usbd_hid.o(.data)
    USBD_HID_CfgDesc                         0x20000080   Data          34  usbd_hid.o(.data)
    USBD_HID_Desc                            0x200000a4   Data           9  usbd_hid.o(.data)
    USBD_HID_DeviceQualifierDesc             0x200000b0   Data          10  usbd_hid.o(.data)
    HID_MOUSE_ReportDesc                     0x200000bc   Data          74  usbd_hid.o(.data)
    .data                                    0x20000108   Section        8  uart_idle.o(.data)
    .data                                    0x20000110   Section        4  stdout.o(.data)
    .bss                                     0x20000114   Section       84  i2c.o(.bss)
    .bss                                     0x20000168   Section       12  iwdg.o(.bss)
    .bss                                     0x20000174   Section       20  rtc.o(.bss)
    .bss                                     0x20000188   Section      176  spi.o(.bss)
    .bss                                     0x20000238   Section      192  tim.o(.bss)
    .bss                                     0x200002f8   Section      600  usart.o(.bss)
    .bss                                     0x20000550   Section      548  usb_device.o(.bss)
    .bss                                     0x20000774   Section     1140  usbd_conf.o(.bss)
    mem                                      0x20000774   Data          20  usbd_conf.o(.bss)
    .bss                                     0x20000be8   Section      512  usbd_desc.o(.bss)
    .bss                                     0x20000de8   Section       64  stm32f1xx_hal_timebase_tim.o(.bss)
    .bss                                     0x20000e28   Section      420  atcmd.o(.bss)
    .bss                                     0x20000fcc   Section      256  uart_idle.o(.bss)
    .bss                                     0x200010cc   Section    10008  memalloc.o(.bss)
    STACK                                    0x200037e8   Section     1024  startup_stm32f103xb.o(STACK)

    Global Symbols

    Symbol Name                              Value     Ov Type        Size  Object(Section)

    BuildAttributes$$THM_ISAv4$P$D$K$B$S$PE$A:L22UL41UL21$X:L11$S22US41US21$IEEE1$IW$USESV6$~STKCKD$USESV7$~SHL$OTIME$ROPI$EBA8$MICROLIB$REQ8$PRES8$EABIv2 0x00000000   Number         0  anon$$obj.o ABSOLUTE
    __ARM_use_no_argv                        0x00000000   Number         0  main.o ABSOLUTE
    _printf_a                                0x00000000   Number         0  stubs.o ABSOLUTE
    _printf_c                                0x00000000   Number         0  stubs.o ABSOLUTE
    _printf_charcount                        0x00000000   Number         0  stubs.o ABSOLUTE
    _printf_d                                0x00000000   Number         0  stubs.o ABSOLUTE
    _printf_e                                0x00000000   Number         0  stubs.o ABSOLUTE
    _printf_f                                0x00000000   Number         0  stubs.o ABSOLUTE
    _printf_flags                            0x00000000   Number         0  stubs.o ABSOLUTE
    _printf_fp_dec                           0x00000000   Number         0  stubs.o ABSOLUTE
    _printf_fp_hex                           0x00000000   Number         0  stubs.o ABSOLUTE
    _printf_g                                0x00000000   Number         0  stubs.o ABSOLUTE
    _printf_i                                0x00000000   Number         0  stubs.o ABSOLUTE
    _printf_int_dec                          0x00000000   Number         0  stubs.o ABSOLUTE
    _printf_l                                0x00000000   Number         0  stubs.o ABSOLUTE
    _printf_lc                               0x00000000   Number         0  stubs.o ABSOLUTE
    _printf_ll                               0x00000000   Number         0  stubs.o ABSOLUTE
    _printf_lld                              0x00000000   Number         0  stubs.o ABSOLUTE
    _printf_lli                              0x00000000   Number         0  stubs.o ABSOLUTE
    _printf_llo                              0x00000000   Number         0  stubs.o ABSOLUTE
    _printf_llu                              0x00000000   Number         0  stubs.o ABSOLUTE
    _printf_llx                              0x00000000   Number         0  stubs.o ABSOLUTE
    _printf_longlong_dec                     0x00000000   Number         0  stubs.o ABSOLUTE
    _printf_longlong_hex                     0x00000000   Number         0  stubs.o ABSOLUTE
    _printf_longlong_oct                     0x00000000   Number         0  stubs.o ABSOLUTE
    _printf_ls                               0x00000000   Number         0  stubs.o ABSOLUTE
    _printf_mbtowc                           0x00000000   Number         0  stubs.o ABSOLUTE
    _printf_n                                0x00000000   Number         0  stubs.o ABSOLUTE
    _printf_o                                0x00000000   Number         0  stubs.o ABSOLUTE
    _printf_p                                0x00000000   Number         0  stubs.o ABSOLUTE
    _printf_percent                          0x00000000   Number         0  stubs.o ABSOLUTE
    _printf_pre_padding                      0x00000000   Number         0  stubs.o ABSOLUTE
    _printf_return_value                     0x00000000   Number         0  stubs.o ABSOLUTE
    _printf_s                                0x00000000   Number         0  stubs.o ABSOLUTE
    _printf_sizespec                         0x00000000   Number         0  stubs.o ABSOLUTE
    _printf_str                              0x00000000   Number         0  stubs.o ABSOLUTE
    _printf_truncate_signed                  0x00000000   Number         0  stubs.o ABSOLUTE
    _printf_truncate_unsigned                0x00000000   Number         0  stubs.o ABSOLUTE
    _printf_u                                0x00000000   Number         0  stubs.o ABSOLUTE
    _printf_wc                               0x00000000   Number         0  stubs.o ABSOLUTE
    _printf_wctomb                           0x00000000   Number         0  stubs.o ABSOLUTE
    _printf_widthprec                        0x00000000   Number         0  stubs.o ABSOLUTE
    _printf_x                                0x00000000   Number         0  stubs.o ABSOLUTE
    __cpp_initialize__aeabi_                  - Undefined Weak Reference
    __cxa_finalize                            - Undefined Weak Reference
    __decompress                              - Undefined Weak Reference
    _clock_init                               - Undefined Weak Reference
    _microlib_exit                            - Undefined Weak Reference
    __Vectors_Size                           0x000000ec   Number         0  startup_stm32f103xb.o ABSOLUTE
    __Vectors                                0x08000000   Data           4  startup_stm32f103xb.o(RESET)
    __Vectors_End                            0x080000ec   Data           0  startup_stm32f103xb.o(RESET)
    __main                                   0x080000ed   Thumb Code     0  entry.o(.ARM.Collect$$$$00000000)
    _main_stk                                0x080000ed   Thumb Code     0  entry2.o(.ARM.Collect$$$$00000001)
    _main_scatterload                        0x080000f1   Thumb Code     0  entry5.o(.ARM.Collect$$$$00000004)
    __main_after_scatterload                 0x080000f5   Thumb Code     0  entry5.o(.ARM.Collect$$$$00000004)
    _main_clock                              0x080000f5   Thumb Code     0  entry7b.o(.ARM.Collect$$$$00000008)
    _main_cpp_init                           0x080000f5   Thumb Code     0  entry8b.o(.ARM.Collect$$$$0000000A)
    _main_init                               0x080000f5   Thumb Code     0  entry9a.o(.ARM.Collect$$$$0000000B)
    __rt_final_cpp                           0x080000fd   Thumb Code     0  entry10a.o(.ARM.Collect$$$$0000000D)
    __rt_final_exit                          0x080000fd   Thumb Code     0  entry11a.o(.ARM.Collect$$$$0000000F)
    Reset_Handler                            0x08000101   Thumb Code     8  startup_stm32f103xb.o(.text)
    ADC1_2_IRQHandler                        0x0800011b   Thumb Code     0  startup_stm32f103xb.o(.text)
    CAN1_RX1_IRQHandler                      0x0800011b   Thumb Code     0  startup_stm32f103xb.o(.text)
    CAN1_SCE_IRQHandler                      0x0800011b   Thumb Code     0  startup_stm32f103xb.o(.text)
    DMA1_Channel1_IRQHandler                 0x0800011b   Thumb Code     0  startup_stm32f103xb.o(.text)
    EXTI0_IRQHandler                         0x0800011b   Thumb Code     0  startup_stm32f103xb.o(.text)
    EXTI15_10_IRQHandler                     0x0800011b   Thumb Code     0  startup_stm32f103xb.o(.text)
    EXTI1_IRQHandler                         0x0800011b   Thumb Code     0  startup_stm32f103xb.o(.text)
    EXTI2_IRQHandler                         0x0800011b   Thumb Code     0  startup_stm32f103xb.o(.text)
    EXTI3_IRQHandler                         0x0800011b   Thumb Code     0  startup_stm32f103xb.o(.text)
    EXTI4_IRQHandler                         0x0800011b   Thumb Code     0  startup_stm32f103xb.o(.text)
    FLASH_IRQHandler                         0x0800011b   Thumb Code     0  startup_stm32f103xb.o(.text)
    I2C2_ER_IRQHandler                       0x0800011b   Thumb Code     0  startup_stm32f103xb.o(.text)
    I2C2_EV_IRQHandler                       0x0800011b   Thumb Code     0  startup_stm32f103xb.o(.text)
    PVD_IRQHandler                           0x0800011b   Thumb Code     0  startup_stm32f103xb.o(.text)
    RCC_IRQHandler                           0x0800011b   Thumb Code     0  startup_stm32f103xb.o(.text)
    RTC_Alarm_IRQHandler                     0x0800011b   Thumb Code     0  startup_stm32f103xb.o(.text)
    SPI2_IRQHandler                          0x0800011b   Thumb Code     0  startup_stm32f103xb.o(.text)
    TAMPER_IRQHandler                        0x0800011b   Thumb Code     0  startup_stm32f103xb.o(.text)
    TIM1_BRK_IRQHandler                      0x0800011b   Thumb Code     0  startup_stm32f103xb.o(.text)
    TIM1_CC_IRQHandler                       0x0800011b   Thumb Code     0  startup_stm32f103xb.o(.text)
    TIM1_TRG_COM_IRQHandler                  0x0800011b   Thumb Code     0  startup_stm32f103xb.o(.text)
    TIM2_IRQHandler                          0x0800011b   Thumb Code     0  startup_stm32f103xb.o(.text)
    TIM3_IRQHandler                          0x0800011b   Thumb Code     0  startup_stm32f103xb.o(.text)
    USBWakeUp_IRQHandler                     0x0800011b   Thumb Code     0  startup_stm32f103xb.o(.text)
    USB_HP_CAN1_TX_IRQHandler                0x0800011b   Thumb Code     0  startup_stm32f103xb.o(.text)
    WWDG_IRQHandler                          0x0800011b   Thumb Code     0  startup_stm32f103xb.o(.text)
    __aeabi_llsr                             0x08000125   Thumb Code    32  llushr.o(.text)
    _ll_ushift_r                             0x08000125   Thumb Code     0  llushr.o(.text)
    __aeabi_memcpy                           0x08000145   Thumb Code    36  memcpya.o(.text)
    __aeabi_memcpy4                          0x08000145   Thumb Code     0  memcpya.o(.text)
    __aeabi_memcpy8                          0x08000145   Thumb Code     0  memcpya.o(.text)
    __aeabi_memset                           0x08000169   Thumb Code    14  memseta.o(.text)
    __aeabi_memset4                          0x08000169   Thumb Code     0  memseta.o(.text)
    __aeabi_memset8                          0x08000169   Thumb Code     0  memseta.o(.text)
    __aeabi_memclr                           0x08000177   Thumb Code     4  memseta.o(.text)
    __aeabi_memclr4                          0x08000177   Thumb Code     0  memseta.o(.text)
    __aeabi_memclr8                          0x08000177   Thumb Code     0  memseta.o(.text)
    _memset$wrapper                          0x0800017b   Thumb Code    18  memseta.o(.text)
    __aeabi_fmul                             0x0800018d   Thumb Code   100  fmul.o(.text)
    __aeabi_ui2f                             0x080001f1   Thumb Code    10  ffltui.o(.text)
    __aeabi_f2d                              0x080001fb   Thumb Code    38  f2d.o(.text)
    __aeabi_uidiv                            0x08000221   Thumb Code     0  uidiv.o(.text)
    __aeabi_uidivmod                         0x08000221   Thumb Code    44  uidiv.o(.text)
    __aeabi_uldivmod                         0x0800024d   Thumb Code    98  uldiv.o(.text)
    __I$use$fp                               0x080002af   Thumb Code     0  iusefp.o(.text)
    _float_round                             0x080002af   Thumb Code    18  fepilogue.o(.text)
    _float_epilogue                          0x080002c1   Thumb Code    92  fepilogue.o(.text)
    __aeabi_dadd                             0x0800031d   Thumb Code   322  dadd.o(.text)
    __aeabi_dsub                             0x0800045f   Thumb Code     6  dadd.o(.text)
    __aeabi_drsub                            0x08000465   Thumb Code     6  dadd.o(.text)
    __aeabi_dmul                             0x0800046b   Thumb Code   228  dmul.o(.text)
    __aeabi_ddiv                             0x0800054f   Thumb Code   222  ddiv.o(.text)
    __aeabi_d2ulz                            0x0800062d   Thumb Code    48  dfixul.o(.text)
    __aeabi_cdrcmple                         0x0800065d   Thumb Code    48  cdrcmple.o(.text)
    __scatterload                            0x0800068d   Thumb Code    28  init.o(.text)
    __scatterload_rt2                        0x0800068d   Thumb Code     0  init.o(.text)
    __aeabi_llsl                             0x080006b1   Thumb Code    30  llshl.o(.text)
    _ll_shift_l                              0x080006b1   Thumb Code     0  llshl.o(.text)
    __aeabi_lasr                             0x080006cf   Thumb Code    36  llsshr.o(.text)
    _ll_sshift_r                             0x080006cf   Thumb Code     0  llsshr.o(.text)
    _double_round                            0x080006f3   Thumb Code    30  depilogue.o(.text)
    _double_epilogue                         0x08000711   Thumb Code   156  depilogue.o(.text)
    BusFault_Handler                         0x080007ad   Thumb Code     2  stm32f1xx_it.o(i.BusFault_Handler)
    DMA1_Channel2_IRQHandler                 0x080007b1   Thumb Code     6  stm32f1xx_it.o(i.DMA1_Channel2_IRQHandler)
    DMA1_Channel3_IRQHandler                 0x080007bd   Thumb Code     6  stm32f1xx_it.o(i.DMA1_Channel3_IRQHandler)
    DMA1_Channel4_IRQHandler                 0x080007c9   Thumb Code     6  stm32f1xx_it.o(i.DMA1_Channel4_IRQHandler)
    DMA1_Channel5_IRQHandler                 0x080007d5   Thumb Code     6  stm32f1xx_it.o(i.DMA1_Channel5_IRQHandler)
    DMA1_Channel6_IRQHandler                 0x080007e1   Thumb Code     6  stm32f1xx_it.o(i.DMA1_Channel6_IRQHandler)
    DMA1_Channel7_IRQHandler                 0x080007ed   Thumb Code     6  stm32f1xx_it.o(i.DMA1_Channel7_IRQHandler)
    DebugMon_Handler                         0x08000823   Thumb Code     2  stm32f1xx_it.o(i.DebugMon_Handler)
    EXTI9_5_IRQHandler                       0x08000825   Thumb Code     8  stm32f1xx_it.o(i.EXTI9_5_IRQHandler)
    HAL_DMA_Abort                            0x0800082d   Thumb Code    48  stm32f1xx_hal_dma.o(i.HAL_DMA_Abort)
    HAL_DMA_Abort_IT                         0x0800085d   Thumb Code   148  stm32f1xx_hal_dma.o(i.HAL_DMA_Abort_IT)
    HAL_DMA_IRQHandler                       0x080008f5   Thumb Code   316  stm32f1xx_hal_dma.o(i.HAL_DMA_IRQHandler)
    HAL_DMA_Init                             0x08000a49   Thumb Code    92  stm32f1xx_hal_dma.o(i.HAL_DMA_Init)
    HAL_DMA_Start_IT                         0x08000aad   Thumb Code   112  stm32f1xx_hal_dma.o(i.HAL_DMA_Start_IT)
    HAL_Delay                                0x08000b1d   Thumb Code    32  stm32f1xx_hal.o(i.HAL_Delay)
    HAL_GPIO_EXTI_Callback                   0x08000b41   Thumb Code     2  stm32f1xx_hal_gpio.o(i.HAL_GPIO_EXTI_Callback)
    HAL_GPIO_EXTI_IRQHandler                 0x08000b45   Thumb Code    18  stm32f1xx_hal_gpio.o(i.HAL_GPIO_EXTI_IRQHandler)
    HAL_GPIO_Init                            0x08000b5d   Thumb Code   408  stm32f1xx_hal_gpio.o(i.HAL_GPIO_Init)
    HAL_GPIO_TogglePin                       0x08000d19   Thumb Code     8  stm32f1xx_hal_gpio.o(i.HAL_GPIO_TogglePin)
    HAL_GPIO_WritePin                        0x08000d21   Thumb Code    10  stm32f1xx_hal_gpio.o(i.HAL_GPIO_WritePin)
    HAL_GetTick                              0x08000d2d   Thumb Code     6  stm32f1xx_hal.o(i.HAL_GetTick)
    HAL_I2C_AbortCpltCallback                0x08000d39   Thumb Code     2  stm32f1xx_hal_i2c.o(i.HAL_I2C_AbortCpltCallback)
    HAL_I2C_AddrCallback                     0x08000d3b   Thumb Code     2  stm32f1xx_hal_i2c.o(i.HAL_I2C_AddrCallback)
    HAL_I2C_ER_IRQHandler                    0x08000d3d   Thumb Code   202  stm32f1xx_hal_i2c.o(i.HAL_I2C_ER_IRQHandler)
    HAL_I2C_EV_IRQHandler                    0x08000e0d   Thumb Code   486  stm32f1xx_hal_i2c.o(i.HAL_I2C_EV_IRQHandler)
    HAL_I2C_ErrorCallback                    0x08000ffd   Thumb Code     2  stm32f1xx_hal_i2c.o(i.HAL_I2C_ErrorCallback)
    HAL_I2C_Init                             0x08001001   Thumb Code   302  stm32f1xx_hal_i2c.o(i.HAL_I2C_Init)
    HAL_I2C_ListenCpltCallback               0x08001141   Thumb Code     2  stm32f1xx_hal_i2c.o(i.HAL_I2C_ListenCpltCallback)
    HAL_I2C_MasterRxCpltCallback             0x08001143   Thumb Code     2  stm32f1xx_hal_i2c.o(i.HAL_I2C_MasterRxCpltCallback)
    HAL_I2C_MasterTxCpltCallback             0x08001145   Thumb Code     2  stm32f1xx_hal_i2c.o(i.HAL_I2C_MasterTxCpltCallback)
    HAL_I2C_MemRxCpltCallback                0x08001147   Thumb Code     2  stm32f1xx_hal_i2c.o(i.HAL_I2C_MemRxCpltCallback)
    HAL_I2C_MemTxCpltCallback                0x08001149   Thumb Code     2  stm32f1xx_hal_i2c.o(i.HAL_I2C_MemTxCpltCallback)
    HAL_I2C_MspInit                          0x0800114d   Thumb Code    54  i2c.o(i.HAL_I2C_MspInit)
    HAL_I2C_SlaveRxCpltCallback              0x08001191   Thumb Code     2  stm32f1xx_hal_i2c.o(i.HAL_I2C_SlaveRxCpltCallback)
    HAL_I2C_SlaveTxCpltCallback              0x08001193   Thumb Code     2  stm32f1xx_hal_i2c.o(i.HAL_I2C_SlaveTxCpltCallback)
    HAL_IWDG_Init                            0x08001195   Thumb Code    82  stm32f1xx_hal_iwdg.o(i.HAL_IWDG_Init)
    HAL_IWDG_Refresh                         0x080011e7   Thumb Code    12  stm32f1xx_hal_iwdg.o(i.HAL_IWDG_Refresh)
    HAL_IncTick                              0x080011f5   Thumb Code    12  stm32f1xx_hal.o(i.HAL_IncTick)
    HAL_Init                                 0x08001205   Thumb Code    32  stm32f1xx_hal.o(i.HAL_Init)
    HAL_InitTick                             0x08001229   Thumb Code    98  stm32f1xx_hal_timebase_tim.o(i.HAL_InitTick)
    HAL_MspInit                              0x0800129d   Thumb Code   134  stm32f1xx_hal_msp.o(i.HAL_MspInit)
    HAL_NVIC_EnableIRQ                       0x0800132d   Thumb Code    22  stm32f1xx_hal_cortex.o(i.HAL_NVIC_EnableIRQ)
    HAL_NVIC_SetPriority                     0x08001345   Thumb Code    60  stm32f1xx_hal_cortex.o(i.HAL_NVIC_SetPriority)
    HAL_NVIC_SetPriorityGrouping             0x08001385   Thumb Code    26  stm32f1xx_hal_cortex.o(i.HAL_NVIC_SetPriorityGrouping)
    HAL_PCDEx_PMAConfig                      0x080013a9   Thumb Code    52  stm32f1xx_hal_pcd_ex.o(i.HAL_PCDEx_PMAConfig)
    HAL_PCDEx_SetConnectionState             0x080013dd   Thumb Code     2  usbd_conf.o(i.HAL_PCDEx_SetConnectionState)
    HAL_PCD_DataInStageCallback              0x080013df   Thumb Code    14  usbd_conf.o(i.HAL_PCD_DataInStageCallback)
    HAL_PCD_DataOutStageCallback             0x080013ed   Thumb Code    16  usbd_conf.o(i.HAL_PCD_DataOutStageCallback)
    HAL_PCD_EP_Close                         0x080013fd   Thumb Code    64  stm32f1xx_hal_pcd.o(i.HAL_PCD_EP_Close)
    HAL_PCD_EP_ClrStall                      0x0800143d   Thumb Code    72  stm32f1xx_hal_pcd.o(i.HAL_PCD_EP_ClrStall)
    HAL_PCD_EP_Open                          0x08001485   Thumb Code    68  stm32f1xx_hal_pcd.o(i.HAL_PCD_EP_Open)
    HAL_PCD_EP_Receive                       0x080014c9   Thumb Code    46  stm32f1xx_hal_pcd.o(i.HAL_PCD_EP_Receive)
    HAL_PCD_EP_SetStall                      0x080014f7   Thumb Code    86  stm32f1xx_hal_pcd.o(i.HAL_PCD_EP_SetStall)
    HAL_PCD_EP_Transmit                      0x0800154d   Thumb Code    42  stm32f1xx_hal_pcd.o(i.HAL_PCD_EP_Transmit)
    HAL_PCD_IRQHandler                       0x08001577   Thumb Code   268  stm32f1xx_hal_pcd.o(i.HAL_PCD_IRQHandler)
    HAL_PCD_Init                             0x08001685   Thumb Code   192  stm32f1xx_hal_pcd.o(i.HAL_PCD_Init)
    HAL_PCD_MspInit                          0x08001745   Thumb Code    50  usbd_conf.o(i.HAL_PCD_MspInit)
    HAL_PCD_ResetCallback                    0x08001781   Thumb Code    26  usbd_conf.o(i.HAL_PCD_ResetCallback)
    HAL_PCD_ResumeCallback                   0x0800179b   Thumb Code     8  usbd_conf.o(i.HAL_PCD_ResumeCallback)
    HAL_PCD_SOFCallback                      0x080017a3   Thumb Code     8  usbd_conf.o(i.HAL_PCD_SOFCallback)
    HAL_PCD_SetAddress                       0x080017ab   Thumb Code    40  stm32f1xx_hal_pcd.o(i.HAL_PCD_SetAddress)
    HAL_PCD_SetupStageCallback               0x080017d3   Thumb Code    14  usbd_conf.o(i.HAL_PCD_SetupStageCallback)
    HAL_PCD_Start                            0x080017e1   Thumb Code    50  stm32f1xx_hal_pcd.o(i.HAL_PCD_Start)
    HAL_PCD_SuspendCallback                  0x08001815   Thumb Code    30  usbd_conf.o(i.HAL_PCD_SuspendCallback)
    HAL_PWR_EnableBkUpAccess                 0x08001839   Thumb Code     8  stm32f1xx_hal_pwr.o(i.HAL_PWR_EnableBkUpAccess)
    HAL_RCCEx_GetPeriphCLKFreq               0x08001845   Thumb Code   164  stm32f1xx_hal_rcc_ex.o(i.HAL_RCCEx_GetPeriphCLKFreq)
    HAL_RCCEx_PeriphCLKConfig                0x0800190d   Thumb Code   224  stm32f1xx_hal_rcc_ex.o(i.HAL_RCCEx_PeriphCLKConfig)
    HAL_RCC_ClockConfig                      0x080019f9   Thumb Code   322  stm32f1xx_hal_rcc.o(i.HAL_RCC_ClockConfig)
    HAL_RCC_GetClockConfig                   0x08001b4d   Thumb Code    54  stm32f1xx_hal_rcc.o(i.HAL_RCC_GetClockConfig)
    HAL_RCC_GetHCLKFreq                      0x08001b8d   Thumb Code     6  stm32f1xx_hal_rcc.o(i.HAL_RCC_GetHCLKFreq)
    HAL_RCC_GetPCLK1Freq                     0x08001b99   Thumb Code    20  stm32f1xx_hal_rcc.o(i.HAL_RCC_GetPCLK1Freq)
    HAL_RCC_GetPCLK2Freq                     0x08001bb9   Thumb Code    20  stm32f1xx_hal_rcc.o(i.HAL_RCC_GetPCLK2Freq)
    HAL_RCC_GetSysClockFreq                  0x08001bd9   Thumb Code    80  stm32f1xx_hal_rcc.o(i.HAL_RCC_GetSysClockFreq)
    HAL_RCC_OscConfig                        0x08001c4d   Thumb Code   750  stm32f1xx_hal_rcc.o(i.HAL_RCC_OscConfig)
    HAL_RTCEx_RTCEventCallback               0x08001f51   Thumb Code     2  stm32f1xx_hal_rtc_ex.o(i.HAL_RTCEx_RTCEventCallback)
    HAL_RTCEx_RTCEventErrorCallback          0x08001f53   Thumb Code     2  stm32f1xx_hal_rtc_ex.o(i.HAL_RTCEx_RTCEventErrorCallback)
    HAL_RTCEx_RTCIRQHandler                  0x08001f55   Thumb Code    60  stm32f1xx_hal_rtc_ex.o(i.HAL_RTCEx_RTCIRQHandler)
    HAL_RTC_Init                             0x08001f91   Thumb Code   154  stm32f1xx_hal_rtc.o(i.HAL_RTC_Init)
    HAL_RTC_MspInit                          0x08002031   Thumb Code    40  rtc.o(i.HAL_RTC_MspInit)
    HAL_RTC_SetDate                          0x08002065   Thumb Code   192  stm32f1xx_hal_rtc.o(i.HAL_RTC_SetDate)
    HAL_RTC_SetTime                          0x08002129   Thumb Code   168  stm32f1xx_hal_rtc.o(i.HAL_RTC_SetTime)
    HAL_RTC_WaitForSynchro                   0x080021d5   Thumb Code    58  stm32f1xx_hal_rtc.o(i.HAL_RTC_WaitForSynchro)
    HAL_SPI_ErrorCallback                    0x0800220f   Thumb Code     2  stm32f1xx_hal_spi.o(i.HAL_SPI_ErrorCallback)
    HAL_SPI_IRQHandler                       0x08002211   Thumb Code   190  stm32f1xx_hal_spi.o(i.HAL_SPI_IRQHandler)
    HAL_SPI_Init                             0x080022d5   Thumb Code   130  stm32f1xx_hal_spi_ex.o(i.HAL_SPI_Init)
    HAL_SPI_MspInit                          0x08002359   Thumb Code   122  spi.o(i.HAL_SPI_MspInit)
    HAL_SYSTICK_CLKSourceConfig              0x080023e9   Thumb Code    24  stm32f1xx_hal_cortex.o(i.HAL_SYSTICK_CLKSourceConfig)
    HAL_SYSTICK_Callback                     0x08002401   Thumb Code     2  stm32f1xx_hal_cortex.o(i.HAL_SYSTICK_Callback)
    HAL_SYSTICK_Config                       0x08002403   Thumb Code    40  stm32f1xx_hal_cortex.o(i.HAL_SYSTICK_Config)
    HAL_SYSTICK_IRQHandler                   0x0800242b   Thumb Code     8  stm32f1xx_hal_cortex.o(i.HAL_SYSTICK_IRQHandler)
    HAL_TIMEx_BreakCallback                  0x08002433   Thumb Code     2  stm32f1xx_hal_tim_ex.o(i.HAL_TIMEx_BreakCallback)
    HAL_TIMEx_CommutationCallback            0x08002435   Thumb Code     2  stm32f1xx_hal_tim_ex.o(i.HAL_TIMEx_CommutationCallback)
    HAL_TIMEx_MasterConfigSynchronization    0x08002437   Thumb Code    80  stm32f1xx_hal_tim_ex.o(i.HAL_TIMEx_MasterConfigSynchronization)
    HAL_TIM_Base_Init                        0x08002487   Thumb Code    54  stm32f1xx_hal_tim.o(i.HAL_TIM_Base_Init)
    HAL_TIM_Base_MspInit                     0x080024bd   Thumb Code    74  tim.o(i.HAL_TIM_Base_MspInit)
    HAL_TIM_Base_Start_IT                    0x08002515   Thumb Code    24  stm32f1xx_hal_tim.o(i.HAL_TIM_Base_Start_IT)
    HAL_TIM_ConfigClockSource                0x0800252d   Thumb Code   242  stm32f1xx_hal_tim.o(i.HAL_TIM_ConfigClockSource)
    HAL_TIM_IC_CaptureCallback               0x0800261f   Thumb Code     2  stm32f1xx_hal_tim.o(i.HAL_TIM_IC_CaptureCallback)
    HAL_TIM_IRQHandler                       0x08002621   Thumb Code   358  stm32f1xx_hal_tim.o(i.HAL_TIM_IRQHandler)
    HAL_TIM_OC_DelayElapsedCallback          0x08002787   Thumb Code     2  stm32f1xx_hal_tim.o(i.HAL_TIM_OC_DelayElapsedCallback)
    HAL_TIM_PWM_PulseFinishedCallback        0x08002789   Thumb Code     2  stm32f1xx_hal_tim.o(i.HAL_TIM_PWM_PulseFinishedCallback)
    HAL_TIM_PeriodElapsedCallback            0x0800278d   Thumb Code    14  main.o(i.HAL_TIM_PeriodElapsedCallback)
    HAL_TIM_TriggerCallback                  0x080027a1   Thumb Code     2  stm32f1xx_hal_tim.o(i.HAL_TIM_TriggerCallback)
    HAL_UART_DMAStop                         0x080027a3   Thumb Code    88  stm32f1xx_hal_uart.o(i.HAL_UART_DMAStop)
    HAL_UART_ErrorCallback                   0x080027fb   Thumb Code     2  stm32f1xx_hal_uart.o(i.HAL_UART_ErrorCallback)
    HAL_UART_IRQHandler                      0x080027fd   Thumb Code   266  stm32f1xx_hal_uart.o(i.HAL_UART_IRQHandler)
    HAL_UART_Init                            0x0800290d   Thumb Code    98  stm32f1xx_hal_uart.o(i.HAL_UART_Init)
    HAL_UART_MspInit                         0x08002971   Thumb Code   520  usart.o(i.HAL_UART_MspInit)
    HAL_UART_Receive_DMA                     0x08002bad   Thumb Code   138  stm32f1xx_hal_uart.o(i.HAL_UART_Receive_DMA)
    HAL_UART_RxCpltCallback                  0x08002c45   Thumb Code     2  stm32f1xx_hal_uart.o(i.HAL_UART_RxCpltCallback)
    HAL_UART_RxHalfCpltCallback              0x08002c47   Thumb Code     2  stm32f1xx_hal_uart.o(i.HAL_UART_RxHalfCpltCallback)
    HAL_UART_Transmit                        0x08002c49   Thumb Code   186  stm32f1xx_hal_uart.o(i.HAL_UART_Transmit)
    HAL_UART_TxCpltCallback                  0x08002d03   Thumb Code     2  stm32f1xx_hal_uart.o(i.HAL_UART_TxCpltCallback)
    HardFault_Handler                        0x08002d05   Thumb Code     2  stm32f1xx_it.o(i.HardFault_Handler)
    I2C1_ER_IRQHandler                       0x08002d09   Thumb Code     6  stm32f1xx_it.o(i.I2C1_ER_IRQHandler)
    I2C1_EV_IRQHandler                       0x08002d15   Thumb Code     6  stm32f1xx_it.o(i.I2C1_EV_IRQHandler)
    MX_DMA_Init                              0x08003469   Thumb Code    22  dma.o(i.MX_DMA_Init)
    MX_GPIO_Init                             0x08003485   Thumb Code   142  gpio.o(i.MX_GPIO_Init)
    MX_I2C1_Init                             0x08003525   Thumb Code    54  i2c.o(i.MX_I2C1_Init)
    MX_IWDG_Init                             0x08003579   Thumb Code    40  iwdg.o(i.MX_IWDG_Init)
    MX_RTC_Init                              0x080036b1   Thumb Code   114  rtc.o(i.MX_RTC_Init)
    MX_SPI1_Init                             0x0800373d   Thumb Code    66  spi.o(i.MX_SPI1_Init)
    MX_SPI2_Init                             0x08003799   Thumb Code    64  spi.o(i.MX_SPI2_Init)
    MX_TIM2_Init                             0x080037f1   Thumb Code    90  tim.o(i.MX_TIM2_Init)
    MX_TIM3_Init                             0x08003861   Thumb Code    88  tim.o(i.MX_TIM3_Init)
    MX_TIM4_Init                             0x080038d1   Thumb Code    96  tim.o(i.MX_TIM4_Init)
    MX_USART1_UART_Init                      0x08003949   Thumb Code    52  usart.o(i.MX_USART1_UART_Init)
    MX_USART2_UART_Init                      0x08003995   Thumb Code    52  usart.o(i.MX_USART2_UART_Init)
    MX_USART3_UART_Init                      0x080039e1   Thumb Code    52  usart.o(i.MX_USART3_UART_Init)
    MX_USB_DEVICE_Init                       0x08003a2d   Thumb Code    30  usb_device.o(i.MX_USB_DEVICE_Init)
    Malloc                                   0x08003a59   Thumb Code   100  memalloc.o(i.Malloc)
    MemManage_Handler                        0x08003ac5   Thumb Code     2  stm32f1xx_it.o(i.MemManage_Handler)
    MemRatioGet                              0x08003ac9   Thumb Code    32  memalloc.o(i.MemRatioGet)
    Mem_Init                                 0x08003af5   Thumb Code    42  memalloc.o(i.Mem_Init)
    NMI_Handler                              0x08003b29   Thumb Code     2  stm32f1xx_it.o(i.NMI_Handler)
    PendSV_Handler                           0x08003ead   Thumb Code     2  stm32f1xx_it.o(i.PendSV_Handler)
    RTC_IRQHandler                           0x08003f2d   Thumb Code     6  stm32f1xx_it.o(i.RTC_IRQHandler)
    SPI1_IRQHandler                          0x0800400d   Thumb Code     6  stm32f1xx_it.o(i.SPI1_IRQHandler)
    SVC_Handler                              0x08004029   Thumb Code     2  stm32f1xx_it.o(i.SVC_Handler)
    SysTick_Handler                          0x0800402b   Thumb Code     4  stm32f1xx_it.o(i.SysTick_Handler)
    SystemClock_Config                       0x0800402f   Thumb Code   130  main.o(i.SystemClock_Config)
    SystemInit                               0x080040b1   Thumb Code    56  system_stm32f1xx.o(i.SystemInit)
    TIM1_UP_IRQHandler                       0x080040f9   Thumb Code     6  stm32f1xx_it.o(i.TIM1_UP_IRQHandler)
    TIM4_IRQHandler                          0x08004105   Thumb Code     6  stm32f1xx_it.o(i.TIM4_IRQHandler)
    TIM_Base_SetConfig                       0x08004111   Thumb Code    94  stm32f1xx_hal_tim.o(i.TIM_Base_SetConfig)
    USART1_IRQHandler                        0x08004585   Thumb Code     6  stm32f1xx_it.o(i.USART1_IRQHandler)
    USART2_IRQHandler                        0x08004591   Thumb Code     6  stm32f1xx_it.o(i.USART2_IRQHandler)
    USART3_IRQHandler                        0x0800459d   Thumb Code    76  uart_idle.o(i.USART3_IRQHandler)
    USBD_ClrClassConfig                      0x080045f9   Thumb Code    14  usbd_core.o(i.USBD_ClrClassConfig)
    USBD_CtlContinueRx                       0x08004607   Thumb Code    16  usbd_ioreq.o(i.USBD_CtlContinueRx)
    USBD_CtlContinueSendData                 0x08004617   Thumb Code    16  usbd_ioreq.o(i.USBD_CtlContinueSendData)
    USBD_CtlError                            0x08004627   Thumb Code    22  usbd_ctlreq.o(i.USBD_CtlError)
    USBD_CtlReceiveStatus                    0x0800463d   Thumb Code    22  usbd_ioreq.o(i.USBD_CtlReceiveStatus)
    USBD_CtlSendData                         0x08004653   Thumb Code    26  usbd_ioreq.o(i.USBD_CtlSendData)
    USBD_CtlSendStatus                       0x0800466d   Thumb Code    22  usbd_ioreq.o(i.USBD_CtlSendStatus)
    USBD_FS_ConfigStrDescriptor              0x08004685   Thumb Code    16  usbd_desc.o(i.USBD_FS_ConfigStrDescriptor)
    USBD_FS_DeviceDescriptor                 0x080046a5   Thumb Code     8  usbd_desc.o(i.USBD_FS_DeviceDescriptor)
    USBD_FS_InterfaceStrDescriptor           0x080046b1   Thumb Code    16  usbd_desc.o(i.USBD_FS_InterfaceStrDescriptor)
    USBD_FS_LangIDStrDescriptor              0x080046d5   Thumb Code     8  usbd_desc.o(i.USBD_FS_LangIDStrDescriptor)
    USBD_FS_ManufacturerStrDescriptor        0x080046e1   Thumb Code    16  usbd_desc.o(i.USBD_FS_ManufacturerStrDescriptor)
    USBD_FS_ProductStrDescriptor             0x08004709   Thumb Code    16  usbd_desc.o(i.USBD_FS_ProductStrDescriptor)
    USBD_FS_SerialStrDescriptor              0x08004735   Thumb Code    16  usbd_desc.o(i.USBD_FS_SerialStrDescriptor)
    USBD_GetString                           0x08004839   Thumb Code    70  usbd_ctlreq.o(i.USBD_GetString)
    USBD_Init                                0x08004989   Thumb Code    42  usbd_core.o(i.USBD_Init)
    USBD_LL_ClearStallEP                     0x080049b3   Thumb Code    32  usbd_conf.o(i.USBD_LL_ClearStallEP)
    USBD_LL_CloseEP                          0x080049d3   Thumb Code    32  usbd_conf.o(i.USBD_LL_CloseEP)
    USBD_LL_DataInStage                      0x080049f3   Thumb Code   170  usbd_core.o(i.USBD_LL_DataInStage)
    USBD_LL_DataOutStage                     0x08004a9d   Thumb Code   106  usbd_core.o(i.USBD_LL_DataOutStage)
    USBD_LL_Init                             0x08004b09   Thumb Code   104  usbd_conf.o(i.USBD_LL_Init)
    USBD_LL_IsStallEP                        0x08004b8d   Thumb Code    28  usbd_conf.o(i.USBD_LL_IsStallEP)
    USBD_LL_OpenEP                           0x08004ba9   Thumb Code    38  usbd_conf.o(i.USBD_LL_OpenEP)
    USBD_LL_PrepareReceive                   0x08004bcf   Thumb Code    32  usbd_conf.o(i.USBD_LL_PrepareReceive)
    USBD_LL_Reset                            0x08004bef   Thumb Code    62  usbd_core.o(i.USBD_LL_Reset)
    USBD_LL_Resume                           0x08004c2d   Thumb Code    12  usbd_core.o(i.USBD_LL_Resume)
    USBD_LL_SOF                              0x08004c39   Thumb Code    24  usbd_core.o(i.USBD_LL_SOF)
    USBD_LL_SetSpeed                         0x08004c51   Thumb Code     6  usbd_core.o(i.USBD_LL_SetSpeed)
    USBD_LL_SetUSBAddress                    0x08004c57   Thumb Code    32  usbd_conf.o(i.USBD_LL_SetUSBAddress)
    USBD_LL_SetupStage                       0x08004c77   Thumb Code    90  usbd_core.o(i.USBD_LL_SetupStage)
    USBD_LL_StallEP                          0x08004cd1   Thumb Code    32  usbd_conf.o(i.USBD_LL_StallEP)
    USBD_LL_Start                            0x08004cf1   Thumb Code    32  usbd_conf.o(i.USBD_LL_Start)
    USBD_LL_Suspend                          0x08004d11   Thumb Code    18  usbd_core.o(i.USBD_LL_Suspend)
    USBD_LL_Transmit                         0x08004d23   Thumb Code    32  usbd_conf.o(i.USBD_LL_Transmit)
    USBD_ParseSetupRequest                   0x08004d43   Thumb Code    40  usbd_ctlreq.o(i.USBD_ParseSetupRequest)
    USBD_RegisterClass                       0x08004d6b   Thumb Code    16  usbd_core.o(i.USBD_RegisterClass)
    USBD_SetClassConfig                      0x08004d7b   Thumb Code    22  usbd_core.o(i.USBD_SetClassConfig)
    USBD_Start                               0x08004e05   Thumb Code    10  usbd_core.o(i.USBD_Start)
    USBD_StdDevReq                           0x08004e0f   Thumb Code   242  usbd_ctlreq.o(i.USBD_StdDevReq)
    USBD_StdEPReq                            0x08004f01   Thumb Code   220  usbd_ctlreq.o(i.USBD_StdEPReq)
    USBD_StdItfReq                           0x08004fdd   Thumb Code    52  usbd_ctlreq.o(i.USBD_StdItfReq)
    USBD_static_free                         0x08005011   Thumb Code     2  usbd_conf.o(i.USBD_static_free)
    USBD_static_malloc                       0x08005015   Thumb Code     4  usbd_conf.o(i.USBD_static_malloc)
    USB_ActivateEndpoint                     0x0800501d   Thumb Code   604  stm32f1xx_ll_usb.o(i.USB_ActivateEndpoint)
    USB_CoreInit                             0x08005279   Thumb Code     4  stm32f1xx_ll_usb.o(i.USB_CoreInit)
    USB_DeactivateEndpoint                   0x0800527d   Thumb Code   292  stm32f1xx_ll_usb.o(i.USB_DeactivateEndpoint)
    USB_DevConnect                           0x080053a1   Thumb Code     4  stm32f1xx_ll_usb.o(i.USB_DevConnect)
    USB_DevDisconnect                        0x080053a5   Thumb Code     4  stm32f1xx_ll_usb.o(i.USB_DevDisconnect)
    USB_DevInit                              0x080053a9   Thumb Code    30  stm32f1xx_ll_usb.o(i.USB_DevInit)
    USB_DisableGlobalInt                     0x080053c7   Thumb Code    14  stm32f1xx_ll_usb.o(i.USB_DisableGlobalInt)
    USB_EP0_OutStart                         0x080053d5   Thumb Code     4  stm32f1xx_ll_usb.o(i.USB_EP0_OutStart)
    USB_EPClearStall                         0x080053d9   Thumb Code   106  stm32f1xx_ll_usb.o(i.USB_EPClearStall)
    USB_EPSetStall                           0x08005443   Thumb Code    74  stm32f1xx_ll_usb.o(i.USB_EPSetStall)
    USB_EPStartXfer                          0x0800548d   Thumb Code   426  stm32f1xx_ll_usb.o(i.USB_EPStartXfer)
    USB_EnableGlobalInt                      0x08005637   Thumb Code    14  stm32f1xx_ll_usb.o(i.USB_EnableGlobalInt)
    USB_LP_CAN1_RX0_IRQHandler               0x08005645   Thumb Code     6  stm32f1xx_it.o(i.USB_LP_CAN1_RX0_IRQHandler)
    USB_ReadInterrupts                       0x08005651   Thumb Code     6  stm32f1xx_ll_usb.o(i.USB_ReadInterrupts)
    USB_ReadPMA                              0x08005659   Thumb Code    30  stm32f1xx_ll_usb.o(i.USB_ReadPMA)
    USB_SetCurrentMode                       0x08005677   Thumb Code     4  stm32f1xx_ll_usb.o(i.USB_SetCurrentMode)
    USB_SetDevAddress                        0x0800567b   Thumb Code    12  stm32f1xx_ll_usb.o(i.USB_SetDevAddress)
    USB_WritePMA                             0x08005687   Thumb Code    38  stm32f1xx_ll_usb.o(i.USB_WritePMA)
    UsageFault_Handler                       0x080056ad   Thumb Code     2  stm32f1xx_it.o(i.UsageFault_Handler)
    _Error_Handler                           0x080056af   Thumb Code     2  main.o(i._Error_Handler)
    __0printf                                0x080056b1   Thumb Code    22  printfa.o(i.__0printf)
    __1printf                                0x080056b1   Thumb Code     0  printfa.o(i.__0printf)
    __2printf                                0x080056b1   Thumb Code     0  printfa.o(i.__0printf)
    __c89printf                              0x080056b1   Thumb Code     0  printfa.o(i.__0printf)
    printf                                   0x080056b1   Thumb Code     0  printfa.o(i.__0printf)
    __scatterload_copy                       0x080056d1   Thumb Code    14  handlers.o(i.__scatterload_copy)
    __scatterload_null                       0x080056df   Thumb Code     2  handlers.o(i.__scatterload_null)
    __scatterload_zeroinit                   0x080056e1   Thumb Code    14  handlers.o(i.__scatterload_zeroinit)
    at_receive_handle                        0x08005fa5   Thumb Code   102  atcmd.o(i.at_receive_handle)
    fputc                                    0x08006035   Thumb Code    22  uart_idle.o(i.fputc)
    main                                     0x08006051   Thumb Code   184  main.o(i.main)
    AHBPrescTable                            0x0800613c   Data          16  system_stm32f1xx.o(.constdata)
    APBPrescTable                            0x0800614c   Data           8  system_stm32f1xx.o(.constdata)
    Region$$Table$$Base                      0x08006154   Number         0  anon$$obj.o(Region$$Table)
    Region$$Table$$Limit                     0x08006174   Number         0  anon$$obj.o(Region$$Table)
    FS_Desc                                  0x20000000   Data          28  usbd_desc.o(.data)
    USBD_LangIDDesc                          0x2000001c   Data           4  usbd_desc.o(.data)
    USBD_FS_DeviceDesc                       0x20000020   Data          18  usbd_desc.o(.data)
    uwTickFreq                               0x20000034   Data           1  stm32f1xx_hal.o(.data)
    uwTickPrio                               0x20000038   Data           4  stm32f1xx_hal.o(.data)
    uwTick                                   0x2000003c   Data           4  stm32f1xx_hal.o(.data)
    SystemCoreClock                          0x20000040   Data           4  system_stm32f1xx.o(.data)
    USBD_HID                                 0x20000048   Data          56  usbd_hid.o(.data)
    Uart3_Rcv_Cplt_Flag                      0x20000108   Data           1  uart_idle.o(.data)
    Uart3_Rcv_Len                            0x2000010c   Data           4  uart_idle.o(.data)
    __stdout                                 0x20000110   Data           4  stdout.o(.data)
    hi2c1                                    0x20000114   Data          84  i2c.o(.bss)
    hiwdg                                    0x20000168   Data          12  iwdg.o(.bss)
    hrtc                                     0x20000174   Data          20  rtc.o(.bss)
    hspi1                                    0x20000188   Data          88  spi.o(.bss)
    hspi2                                    0x200001e0   Data          88  spi.o(.bss)
    htim2                                    0x20000238   Data          64  tim.o(.bss)
    htim3                                    0x20000278   Data          64  tim.o(.bss)
    htim4                                    0x200002b8   Data          64  tim.o(.bss)
    huart1                                   0x200002f8   Data          64  usart.o(.bss)
    huart2                                   0x20000338   Data          64  usart.o(.bss)
    huart3                                   0x20000378   Data          64  usart.o(.bss)
    hdma_usart1_tx                           0x200003b8   Data          68  usart.o(.bss)
    hdma_usart1_rx                           0x200003fc   Data          68  usart.o(.bss)
    hdma_usart2_tx                           0x20000440   Data          68  usart.o(.bss)
    hdma_usart2_rx                           0x20000484   Data          68  usart.o(.bss)
    hdma_usart3_tx                           0x200004c8   Data          68  usart.o(.bss)
    hdma_usart3_rx                           0x2000050c   Data          68  usart.o(.bss)
    hUsbDeviceFS                             0x20000550   Data         548  usb_device.o(.bss)
    hpcd_USB_FS                              0x20000788   Data        1120  usbd_conf.o(.bss)
    USBD_StrDesc                             0x20000be8   Data         512  usbd_desc.o(.bss)
    htim1                                    0x20000de8   Data          64  stm32f1xx_hal_timebase_tim.o(.bss)
    at                                       0x20000e28   Data         420  atcmd.o(.bss)
    Uart3_Rx_Buffer                          0x20000fcc   Data         256  uart_idle.o(.bss)
    Mem                                      0x200010cc   Data       10008  memalloc.o(.bss)
    __initial_sp                             0x20003be8   Data           0  startup_stm32f103xb.o(STACK)



==============================================================================

Memory Map of the image

  Image Entry point : 0x080000ed

  Load Region LR_IROM1 (Base: 0x08000000, Size: 0x00006288, Max: 0x00010000, ABSOLUTE)

    Execution Region ER_IROM1 (Exec base: 0x08000000, Load base: 0x08000000, Size: 0x00006174, Max: 0x00010000, ABSOLUTE)

    Exec Addr    Load Addr    Size         Type   Attr      Idx    E Section Name        Object

    0x08000000   0x08000000   0x000000ec   Data   RO            3    RESET               startup_stm32f103xb.o
    0x080000ec   0x080000ec   0x00000000   Code   RO         5456  * .ARM.Collect$$$$00000000  mc_w.l(entry.o)
    0x080000ec   0x080000ec   0x00000004   Code   RO         5768    .ARM.Collect$$$$00000001  mc_w.l(entry2.o)
    0x080000f0   0x080000f0   0x00000004   Code   RO         5771    .ARM.Collect$$$$00000004  mc_w.l(entry5.o)
    0x080000f4   0x080000f4   0x00000000   Code   RO         5773    .ARM.Collect$$$$00000008  mc_w.l(entry7b.o)
    0x080000f4   0x080000f4   0x00000000   Code   RO         5775    .ARM.Collect$$$$0000000A  mc_w.l(entry8b.o)
    0x080000f4   0x080000f4   0x00000008   Code   RO         5776    .ARM.Collect$$$$0000000B  mc_w.l(entry9a.o)
    0x080000fc   0x080000fc   0x00000000   Code   RO         5778    .ARM.Collect$$$$0000000D  mc_w.l(entry10a.o)
    0x080000fc   0x080000fc   0x00000000   Code   RO         5780    .ARM.Collect$$$$0000000F  mc_w.l(entry11a.o)
    0x080000fc   0x080000fc   0x00000004   Code   RO         5769    .ARM.Collect$$$$00002712  mc_w.l(entry2.o)
    0x08000100   0x08000100   0x00000024   Code   RO            4    .text               startup_stm32f103xb.o
    0x08000124   0x08000124   0x00000020   Code   RO         5459    .text               mc_w.l(llushr.o)
    0x08000144   0x08000144   0x00000024   Code   RO         5461    .text               mc_w.l(memcpya.o)
    0x08000168   0x08000168   0x00000024   Code   RO         5463    .text               mc_w.l(memseta.o)
    0x0800018c   0x0800018c   0x00000064   Code   RO         5762    .text               mf_w.l(fmul.o)
    0x080001f0   0x080001f0   0x0000000a   Code   RO         5764    .text               mf_w.l(ffltui.o)
    0x080001fa   0x080001fa   0x00000026   Code   RO         5766    .text               mf_w.l(f2d.o)
    0x08000220   0x08000220   0x0000002c   Code   RO         5783    .text               mc_w.l(uidiv.o)
    0x0800024c   0x0800024c   0x00000062   Code   RO         5785    .text               mc_w.l(uldiv.o)
    0x080002ae   0x080002ae   0x00000000   Code   RO         5789    .text               mc_w.l(iusefp.o)
    0x080002ae   0x080002ae   0x0000006e   Code   RO         5790    .text               mf_w.l(fepilogue.o)
    0x0800031c   0x0800031c   0x0000014e   Code   RO         5792    .text               mf_w.l(dadd.o)
    0x0800046a   0x0800046a   0x000000e4   Code   RO         5794    .text               mf_w.l(dmul.o)
    0x0800054e   0x0800054e   0x000000de   Code   RO         5796    .text               mf_w.l(ddiv.o)
    0x0800062c   0x0800062c   0x00000030   Code   RO         5798    .text               mf_w.l(dfixul.o)
    0x0800065c   0x0800065c   0x00000030   Code   RO         5800    .text               mf_w.l(cdrcmple.o)
    0x0800068c   0x0800068c   0x00000024   Code   RO         5802    .text               mc_w.l(init.o)
    0x080006b0   0x080006b0   0x0000001e   Code   RO         5804    .text               mc_w.l(llshl.o)
    0x080006ce   0x080006ce   0x00000024   Code   RO         5806    .text               mc_w.l(llsshr.o)
    0x080006f2   0x080006f2   0x000000ba   Code   RO         5808    .text               mf_w.l(depilogue.o)
    0x080007ac   0x080007ac   0x00000002   Code   RO          872    i.BusFault_Handler  stm32f1xx_it.o
    0x080007ae   0x080007ae   0x00000002   PAD
    0x080007b0   0x080007b0   0x0000000c   Code   RO          873    i.DMA1_Channel2_IRQHandler  stm32f1xx_it.o
    0x080007bc   0x080007bc   0x0000000c   Code   RO          874    i.DMA1_Channel3_IRQHandler  stm32f1xx_it.o
    0x080007c8   0x080007c8   0x0000000c   Code   RO          875    i.DMA1_Channel4_IRQHandler  stm32f1xx_it.o
    0x080007d4   0x080007d4   0x0000000c   Code   RO          876    i.DMA1_Channel5_IRQHandler  stm32f1xx_it.o
    0x080007e0   0x080007e0   0x0000000c   Code   RO          877    i.DMA1_Channel6_IRQHandler  stm32f1xx_it.o
    0x080007ec   0x080007ec   0x0000000c   Code   RO          878    i.DMA1_Channel7_IRQHandler  stm32f1xx_it.o
    0x080007f8   0x080007f8   0x0000002a   Code   RO         4178    i.DMA_SetConfig     stm32f1xx_hal_dma.o
    0x08000822   0x08000822   0x00000002   Code   RO          879    i.DebugMon_Handler  stm32f1xx_it.o
    0x08000824   0x08000824   0x00000008   Code   RO          880    i.EXTI9_5_IRQHandler  stm32f1xx_it.o
    0x0800082c   0x0800082c   0x00000030   Code   RO         4179    i.HAL_DMA_Abort     stm32f1xx_hal_dma.o
    0x0800085c   0x0800085c   0x00000098   Code   RO         4180    i.HAL_DMA_Abort_IT  stm32f1xx_hal_dma.o
    0x080008f4   0x080008f4   0x00000154   Code   RO         4184    i.HAL_DMA_IRQHandler  stm32f1xx_hal_dma.o
    0x08000a48   0x08000a48   0x00000064   Code   RO         4185    i.HAL_DMA_Init      stm32f1xx_hal_dma.o
    0x08000aac   0x08000aac   0x00000070   Code   RO         4189    i.HAL_DMA_Start_IT  stm32f1xx_hal_dma.o
    0x08000b1c   0x08000b1c   0x00000024   Code   RO         3822    i.HAL_Delay         stm32f1xx_hal.o
    0x08000b40   0x08000b40   0x00000002   Code   RO         4113    i.HAL_GPIO_EXTI_Callback  stm32f1xx_hal_gpio.o
    0x08000b42   0x08000b42   0x00000002   PAD
    0x08000b44   0x08000b44   0x00000018   Code   RO         4114    i.HAL_GPIO_EXTI_IRQHandler  stm32f1xx_hal_gpio.o
    0x08000b5c   0x08000b5c   0x000001bc   Code   RO         4115    i.HAL_GPIO_Init     stm32f1xx_hal_gpio.o
    0x08000d18   0x08000d18   0x00000008   Code   RO         4118    i.HAL_GPIO_TogglePin  stm32f1xx_hal_gpio.o
    0x08000d20   0x08000d20   0x0000000a   Code   RO         4119    i.HAL_GPIO_WritePin  stm32f1xx_hal_gpio.o
    0x08000d2a   0x08000d2a   0x00000002   PAD
    0x08000d2c   0x08000d2c   0x0000000c   Code   RO         3826    i.HAL_GetTick       stm32f1xx_hal.o
    0x08000d38   0x08000d38   0x00000002   Code   RO         1578    i.HAL_I2C_AbortCpltCallback  stm32f1xx_hal_i2c.o
    0x08000d3a   0x08000d3a   0x00000002   Code   RO         1579    i.HAL_I2C_AddrCallback  stm32f1xx_hal_i2c.o
    0x08000d3c   0x08000d3c   0x000000d0   Code   RO         1582    i.HAL_I2C_ER_IRQHandler  stm32f1xx_hal_i2c.o
    0x08000e0c   0x08000e0c   0x000001f0   Code   RO         1583    i.HAL_I2C_EV_IRQHandler  stm32f1xx_hal_i2c.o
    0x08000ffc   0x08000ffc   0x00000002   Code   RO         1585    i.HAL_I2C_ErrorCallback  stm32f1xx_hal_i2c.o
    0x08000ffe   0x08000ffe   0x00000002   PAD
    0x08001000   0x08001000   0x00000140   Code   RO         1589    i.HAL_I2C_Init      stm32f1xx_hal_i2c.o
    0x08001140   0x08001140   0x00000002   Code   RO         1591    i.HAL_I2C_ListenCpltCallback  stm32f1xx_hal_i2c.o
    0x08001142   0x08001142   0x00000002   Code   RO         1592    i.HAL_I2C_MasterRxCpltCallback  stm32f1xx_hal_i2c.o
    0x08001144   0x08001144   0x00000002   Code   RO         1593    i.HAL_I2C_MasterTxCpltCallback  stm32f1xx_hal_i2c.o
    0x08001146   0x08001146   0x00000002   Code   RO         1603    i.HAL_I2C_MemRxCpltCallback  stm32f1xx_hal_i2c.o
    0x08001148   0x08001148   0x00000002   Code   RO         1604    i.HAL_I2C_MemTxCpltCallback  stm32f1xx_hal_i2c.o
    0x0800114a   0x0800114a   0x00000002   PAD
    0x0800114c   0x0800114c   0x00000044   Code   RO          281    i.HAL_I2C_MspInit   i2c.o
    0x08001190   0x08001190   0x00000002   Code   RO         1613    i.HAL_I2C_SlaveRxCpltCallback  stm32f1xx_hal_i2c.o
    0x08001192   0x08001192   0x00000002   Code   RO         1614    i.HAL_I2C_SlaveTxCpltCallback  stm32f1xx_hal_i2c.o
    0x08001194   0x08001194   0x00000052   Code   RO         1976    i.HAL_IWDG_Init     stm32f1xx_hal_iwdg.o
    0x080011e6   0x080011e6   0x0000000c   Code   RO         1977    i.HAL_IWDG_Refresh  stm32f1xx_hal_iwdg.o
    0x080011f2   0x080011f2   0x00000002   PAD
    0x080011f4   0x080011f4   0x00000010   Code   RO         3830    i.HAL_IncTick       stm32f1xx_hal.o
    0x08001204   0x08001204   0x00000024   Code   RO         3831    i.HAL_Init          stm32f1xx_hal.o
    0x08001228   0x08001228   0x00000074   Code   RO         1065    i.HAL_InitTick      stm32f1xx_hal_timebase_tim.o
    0x0800129c   0x0800129c   0x00000090   Code   RO         1041    i.HAL_MspInit       stm32f1xx_hal_msp.o
    0x0800132c   0x0800132c   0x00000016   Code   RO         4275    i.HAL_NVIC_EnableIRQ  stm32f1xx_hal_cortex.o
    0x08001342   0x08001342   0x00000002   PAD
    0x08001344   0x08001344   0x00000040   Code   RO         4281    i.HAL_NVIC_SetPriority  stm32f1xx_hal_cortex.o
    0x08001384   0x08001384   0x00000024   Code   RO         4282    i.HAL_NVIC_SetPriorityGrouping  stm32f1xx_hal_cortex.o
    0x080013a8   0x080013a8   0x00000034   Code   RO         1356    i.HAL_PCDEx_PMAConfig  stm32f1xx_hal_pcd_ex.o
    0x080013dc   0x080013dc   0x00000002   Code   RO          597    i.HAL_PCDEx_SetConnectionState  usbd_conf.o
    0x080013de   0x080013de   0x0000000e   Code   RO          599    i.HAL_PCD_DataInStageCallback  usbd_conf.o
    0x080013ec   0x080013ec   0x00000010   Code   RO          600    i.HAL_PCD_DataOutStageCallback  usbd_conf.o
    0x080013fc   0x080013fc   0x00000040   Code   RO         1150    i.HAL_PCD_EP_Close  stm32f1xx_hal_pcd.o
    0x0800143c   0x0800143c   0x00000048   Code   RO         1151    i.HAL_PCD_EP_ClrStall  stm32f1xx_hal_pcd.o
    0x08001484   0x08001484   0x00000044   Code   RO         1154    i.HAL_PCD_EP_Open   stm32f1xx_hal_pcd.o
    0x080014c8   0x080014c8   0x0000002e   Code   RO         1155    i.HAL_PCD_EP_Receive  stm32f1xx_hal_pcd.o
    0x080014f6   0x080014f6   0x00000056   Code   RO         1156    i.HAL_PCD_EP_SetStall  stm32f1xx_hal_pcd.o
    0x0800154c   0x0800154c   0x0000002a   Code   RO         1157    i.HAL_PCD_EP_Transmit  stm32f1xx_hal_pcd.o
    0x08001576   0x08001576   0x0000010c   Code   RO         1159    i.HAL_PCD_IRQHandler  stm32f1xx_hal_pcd.o
    0x08001682   0x08001682   0x00000002   PAD
    0x08001684   0x08001684   0x000000c0   Code   RO         1162    i.HAL_PCD_Init      stm32f1xx_hal_pcd.o
    0x08001744   0x08001744   0x0000003c   Code   RO          605    i.HAL_PCD_MspInit   usbd_conf.o
    0x08001780   0x08001780   0x0000001a   Code   RO          606    i.HAL_PCD_ResetCallback  usbd_conf.o
    0x0800179a   0x0800179a   0x00000008   Code   RO          607    i.HAL_PCD_ResumeCallback  usbd_conf.o
    0x080017a2   0x080017a2   0x00000008   Code   RO          608    i.HAL_PCD_SOFCallback  usbd_conf.o
    0x080017aa   0x080017aa   0x00000028   Code   RO         1168    i.HAL_PCD_SetAddress  stm32f1xx_hal_pcd.o
    0x080017d2   0x080017d2   0x0000000e   Code   RO          609    i.HAL_PCD_SetupStageCallback  usbd_conf.o
    0x080017e0   0x080017e0   0x00000032   Code   RO         1170    i.HAL_PCD_Start     stm32f1xx_hal_pcd.o
    0x08001812   0x08001812   0x00000002   PAD
    0x08001814   0x08001814   0x00000024   Code   RO          610    i.HAL_PCD_SuspendCallback  usbd_conf.o
    0x08001838   0x08001838   0x0000000c   Code   RO         4397    i.HAL_PWR_EnableBkUpAccess  stm32f1xx_hal_pwr.o
    0x08001844   0x08001844   0x000000c8   Code   RO         4077    i.HAL_RCCEx_GetPeriphCLKFreq  stm32f1xx_hal_rcc_ex.o
    0x0800190c   0x0800190c   0x000000ec   Code   RO         4078    i.HAL_RCCEx_PeriphCLKConfig  stm32f1xx_hal_rcc_ex.o
    0x080019f8   0x080019f8   0x00000154   Code   RO         3975    i.HAL_RCC_ClockConfig  stm32f1xx_hal_rcc.o
    0x08001b4c   0x08001b4c   0x00000040   Code   RO         3979    i.HAL_RCC_GetClockConfig  stm32f1xx_hal_rcc.o
    0x08001b8c   0x08001b8c   0x0000000c   Code   RO         3980    i.HAL_RCC_GetHCLKFreq  stm32f1xx_hal_rcc.o
    0x08001b98   0x08001b98   0x00000020   Code   RO         3982    i.HAL_RCC_GetPCLK1Freq  stm32f1xx_hal_rcc.o
    0x08001bb8   0x08001bb8   0x00000020   Code   RO         3983    i.HAL_RCC_GetPCLK2Freq  stm32f1xx_hal_rcc.o
    0x08001bd8   0x08001bd8   0x00000074   Code   RO         3984    i.HAL_RCC_GetSysClockFreq  stm32f1xx_hal_rcc.o
    0x08001c4c   0x08001c4c   0x00000304   Code   RO         3987    i.HAL_RCC_OscConfig  stm32f1xx_hal_rcc.o
    0x08001f50   0x08001f50   0x00000002   Code   RO         2181    i.HAL_RTCEx_RTCEventCallback  stm32f1xx_hal_rtc_ex.o
    0x08001f52   0x08001f52   0x00000002   Code   RO         2182    i.HAL_RTCEx_RTCEventErrorCallback  stm32f1xx_hal_rtc_ex.o
    0x08001f54   0x08001f54   0x0000003c   Code   RO         2183    i.HAL_RTCEx_RTCIRQHandler  stm32f1xx_hal_rtc_ex.o
    0x08001f90   0x08001f90   0x000000a0   Code   RO         2014    i.HAL_RTC_Init      stm32f1xx_hal_rtc.o
    0x08002030   0x08002030   0x00000034   Code   RO          353    i.HAL_RTC_MspInit   rtc.o
    0x08002064   0x08002064   0x000000c4   Code   RO         2020    i.HAL_RTC_SetDate   stm32f1xx_hal_rtc.o
    0x08002128   0x08002128   0x000000ac   Code   RO         2021    i.HAL_RTC_SetTime   stm32f1xx_hal_rtc.o
    0x080021d4   0x080021d4   0x0000003a   Code   RO         2022    i.HAL_RTC_WaitForSynchro  stm32f1xx_hal_rtc.o
    0x0800220e   0x0800220e   0x00000002   Code   RO         2285    i.HAL_SPI_ErrorCallback  stm32f1xx_hal_spi.o
    0x08002210   0x08002210   0x000000c4   Code   RO         2288    i.HAL_SPI_IRQHandler  stm32f1xx_hal_spi.o
    0x080022d4   0x080022d4   0x00000082   Code   RO         2601    i.HAL_SPI_Init      stm32f1xx_hal_spi_ex.o
    0x08002356   0x08002356   0x00000002   PAD
    0x08002358   0x08002358   0x00000090   Code   RO          395    i.HAL_SPI_MspInit   spi.o
    0x080023e8   0x080023e8   0x00000018   Code   RO         4284    i.HAL_SYSTICK_CLKSourceConfig  stm32f1xx_hal_cortex.o
    0x08002400   0x08002400   0x00000002   Code   RO         4285    i.HAL_SYSTICK_Callback  stm32f1xx_hal_cortex.o
    0x08002402   0x08002402   0x00000028   Code   RO         4286    i.HAL_SYSTICK_Config  stm32f1xx_hal_cortex.o
    0x0800242a   0x0800242a   0x00000008   Code   RO         4287    i.HAL_SYSTICK_IRQHandler  stm32f1xx_hal_cortex.o
    0x08002432   0x08002432   0x00000002   Code   RO         3256    i.HAL_TIMEx_BreakCallback  stm32f1xx_hal_tim_ex.o
    0x08002434   0x08002434   0x00000002   Code   RO         3257    i.HAL_TIMEx_CommutationCallback  stm32f1xx_hal_tim_ex.o
    0x08002436   0x08002436   0x00000050   Code   RO         3273    i.HAL_TIMEx_MasterConfigSynchronization  stm32f1xx_hal_tim_ex.o
    0x08002486   0x08002486   0x00000036   Code   RO         2627    i.HAL_TIM_Base_Init  stm32f1xx_hal_tim.o
    0x080024bc   0x080024bc   0x00000058   Code   RO          443    i.HAL_TIM_Base_MspInit  tim.o
    0x08002514   0x08002514   0x00000018   Code   RO         2632    i.HAL_TIM_Base_Start_IT  stm32f1xx_hal_tim.o
    0x0800252c   0x0800252c   0x000000f2   Code   RO         2636    i.HAL_TIM_ConfigClockSource  stm32f1xx_hal_tim.o
    0x0800261e   0x0800261e   0x00000002   Code   RO         2656    i.HAL_TIM_IC_CaptureCallback  stm32f1xx_hal_tim.o
    0x08002620   0x08002620   0x00000166   Code   RO         2669    i.HAL_TIM_IRQHandler  stm32f1xx_hal_tim.o
    0x08002786   0x08002786   0x00000002   Code   RO         2672    i.HAL_TIM_OC_DelayElapsedCallback  stm32f1xx_hal_tim.o
    0x08002788   0x08002788   0x00000002   Code   RO         2699    i.HAL_TIM_PWM_PulseFinishedCallback  stm32f1xx_hal_tim.o
    0x0800278a   0x0800278a   0x00000002   PAD
    0x0800278c   0x0800278c   0x00000014   Code   RO           13    i.HAL_TIM_PeriodElapsedCallback  main.o
    0x080027a0   0x080027a0   0x00000002   Code   RO         2710    i.HAL_TIM_TriggerCallback  stm32f1xx_hal_tim.o
    0x080027a2   0x080027a2   0x00000058   Code   RO         3508    i.HAL_UART_DMAStop  stm32f1xx_hal_uart.o
    0x080027fa   0x080027fa   0x00000002   Code   RO         3510    i.HAL_UART_ErrorCallback  stm32f1xx_hal_uart.o
    0x080027fc   0x080027fc   0x00000110   Code   RO         3513    i.HAL_UART_IRQHandler  stm32f1xx_hal_uart.o
    0x0800290c   0x0800290c   0x00000062   Code   RO         3514    i.HAL_UART_Init     stm32f1xx_hal_uart.o
    0x0800296e   0x0800296e   0x00000002   PAD
    0x08002970   0x08002970   0x0000023c   Code   RO          497    i.HAL_UART_MspInit  usart.o
    0x08002bac   0x08002bac   0x00000098   Code   RO         3518    i.HAL_UART_Receive_DMA  stm32f1xx_hal_uart.o
    0x08002c44   0x08002c44   0x00000002   Code   RO         3520    i.HAL_UART_RxCpltCallback  stm32f1xx_hal_uart.o
    0x08002c46   0x08002c46   0x00000002   Code   RO         3521    i.HAL_UART_RxHalfCpltCallback  stm32f1xx_hal_uart.o
    0x08002c48   0x08002c48   0x000000ba   Code   RO         3522    i.HAL_UART_Transmit  stm32f1xx_hal_uart.o
    0x08002d02   0x08002d02   0x00000002   Code   RO         3525    i.HAL_UART_TxCpltCallback  stm32f1xx_hal_uart.o
    0x08002d04   0x08002d04   0x00000002   Code   RO          881    i.HardFault_Handler  stm32f1xx_it.o
    0x08002d06   0x08002d06   0x00000002   PAD
    0x08002d08   0x08002d08   0x0000000c   Code   RO          882    i.I2C1_ER_IRQHandler  stm32f1xx_it.o
    0x08002d14   0x08002d14   0x0000000c   Code   RO          883    i.I2C1_EV_IRQHandler  stm32f1xx_it.o
    0x08002d20   0x08002d20   0x0000004e   Code   RO         1623    i.I2C_DMAAbort      stm32f1xx_hal_i2c.o
    0x08002d6e   0x08002d6e   0x00000002   PAD
    0x08002d70   0x08002d70   0x00000124   Code   RO         1626    i.I2C_ITError       stm32f1xx_hal_i2c.o
    0x08002e94   0x08002e94   0x000000c8   Code   RO         1628    i.I2C_MasterReceive_BTF  stm32f1xx_hal_i2c.o
    0x08002f5c   0x08002f5c   0x000000ae   Code   RO         1629    i.I2C_MasterReceive_RXNE  stm32f1xx_hal_i2c.o
    0x0800300a   0x0800300a   0x00000080   Code   RO         1632    i.I2C_MasterTransmit_BTF  stm32f1xx_hal_i2c.o
    0x0800308a   0x0800308a   0x00000002   PAD
    0x0800308c   0x0800308c   0x00000108   Code   RO         1633    i.I2C_MasterTransmit_TXE  stm32f1xx_hal_i2c.o
    0x08003194   0x08003194   0x0000011a   Code   RO         1634    i.I2C_Master_ADDR   stm32f1xx_hal_i2c.o
    0x080032ae   0x080032ae   0x0000005a   Code   RO         1635    i.I2C_Master_SB     stm32f1xx_hal_i2c.o
    0x08003308   0x08003308   0x00000084   Code   RO         1638    i.I2C_Slave_AF      stm32f1xx_hal_i2c.o
    0x0800338c   0x0800338c   0x000000dc   Code   RO         1639    i.I2C_Slave_STOPF   stm32f1xx_hal_i2c.o
    0x08003468   0x08003468   0x0000001c   Code   RO          256    i.MX_DMA_Init       dma.o
    0x08003484   0x08003484   0x000000a0   Code   RO          228    i.MX_GPIO_Init      gpio.o
    0x08003524   0x08003524   0x00000054   Code   RO          282    i.MX_I2C1_Init      i2c.o
    0x08003578   0x08003578   0x00000040   Code   RO          322    i.MX_IWDG_Init      iwdg.o
    0x080035b8   0x080035b8   0x000000f6   Code   RO           14    i.MX_NVIC_Init      main.o
    0x080036ae   0x080036ae   0x00000002   PAD
    0x080036b0   0x080036b0   0x0000008c   Code   RO          354    i.MX_RTC_Init       rtc.o
    0x0800373c   0x0800373c   0x0000005c   Code   RO          396    i.MX_SPI1_Init      spi.o
    0x08003798   0x08003798   0x00000058   Code   RO          397    i.MX_SPI2_Init      spi.o
    0x080037f0   0x080037f0   0x00000070   Code   RO          444    i.MX_TIM2_Init      tim.o
    0x08003860   0x08003860   0x00000070   Code   RO          445    i.MX_TIM3_Init      tim.o
    0x080038d0   0x080038d0   0x00000078   Code   RO          446    i.MX_TIM4_Init      tim.o
    0x08003948   0x08003948   0x0000004c   Code   RO          498    i.MX_USART1_UART_Init  usart.o
    0x08003994   0x08003994   0x0000004c   Code   RO          499    i.MX_USART2_UART_Init  usart.o
    0x080039e0   0x080039e0   0x0000004c   Code   RO          500    i.MX_USART3_UART_Init  usart.o
    0x08003a2c   0x08003a2c   0x0000002c   Code   RO          550    i.MX_USB_DEVICE_Init  usb_device.o
    0x08003a58   0x08003a58   0x0000006c   Code   RO         5415    i.Malloc            memalloc.o
    0x08003ac4   0x08003ac4   0x00000002   Code   RO          884    i.MemManage_Handler  stm32f1xx_it.o
    0x08003ac6   0x08003ac6   0x00000002   PAD
    0x08003ac8   0x08003ac8   0x0000002c   Code   RO         5416    i.MemRatioGet       memalloc.o
    0x08003af4   0x08003af4   0x00000034   Code   RO         5417    i.Mem_Init          memalloc.o
    0x08003b28   0x08003b28   0x00000002   Code   RO          885    i.NMI_Handler       stm32f1xx_it.o
    0x08003b2a   0x08003b2a   0x00000020   Code   RO         4288    i.NVIC_SetPriority  stm32f1xx_hal_cortex.o
    0x08003b4a   0x08003b4a   0x00000362   Code   RO         1173    i.PCD_EP_ISR_Handler  stm32f1xx_hal_pcd.o
    0x08003eac   0x08003eac   0x00000002   Code   RO          886    i.PendSV_Handler    stm32f1xx_it.o
    0x08003eae   0x08003eae   0x00000012   Code   RO         2023    i.RTC_Bcd2ToByte    stm32f1xx_hal_rtc.o
    0x08003ec0   0x08003ec0   0x00000034   Code   RO         2026    i.RTC_EnterInitMode  stm32f1xx_hal_rtc.o
    0x08003ef4   0x08003ef4   0x00000036   Code   RO         2027    i.RTC_ExitInitMode  stm32f1xx_hal_rtc.o
    0x08003f2a   0x08003f2a   0x00000002   PAD
    0x08003f2c   0x08003f2c   0x0000000c   Code   RO          887    i.RTC_IRQHandler    stm32f1xx_it.o
    0x08003f38   0x08003f38   0x0000000e   Code   RO         2028    i.RTC_ReadAlarmCounter  stm32f1xx_hal_rtc.o
    0x08003f46   0x08003f46   0x00000020   Code   RO         2029    i.RTC_ReadTimeCounter  stm32f1xx_hal_rtc.o
    0x08003f66   0x08003f66   0x00000056   Code   RO         2030    i.RTC_WeekDayNum    stm32f1xx_hal_rtc.o
    0x08003fbc   0x08003fbc   0x00000028   Code   RO         2031    i.RTC_WriteAlarmCounter  stm32f1xx_hal_rtc.o
    0x08003fe4   0x08003fe4   0x00000028   Code   RO         2032    i.RTC_WriteTimeCounter  stm32f1xx_hal_rtc.o
    0x0800400c   0x0800400c   0x0000000c   Code   RO          888    i.SPI1_IRQHandler   stm32f1xx_it.o
    0x08004018   0x08004018   0x00000010   Code   RO         2317    i.SPI_DMAAbortOnError  stm32f1xx_hal_spi.o
    0x08004028   0x08004028   0x00000002   Code   RO          889    i.SVC_Handler       stm32f1xx_it.o
    0x0800402a   0x0800402a   0x00000004   Code   RO          890    i.SysTick_Handler   stm32f1xx_it.o
    0x0800402e   0x0800402e   0x00000082   Code   RO           15    i.SystemClock_Config  main.o
    0x080040b0   0x080040b0   0x00000048   Code   RO         4704    i.SystemInit        system_stm32f1xx.o
    0x080040f8   0x080040f8   0x0000000c   Code   RO          891    i.TIM1_UP_IRQHandler  stm32f1xx_it.o
    0x08004104   0x08004104   0x0000000c   Code   RO          892    i.TIM4_IRQHandler   stm32f1xx_it.o
    0x08004110   0x08004110   0x0000006c   Code   RO         2711    i.TIM_Base_SetConfig  stm32f1xx_hal_tim.o
    0x0800417c   0x0800417c   0x00000014   Code   RO         2718    i.TIM_ETR_SetConfig  stm32f1xx_hal_tim.o
    0x08004190   0x08004190   0x00000010   Code   RO         2719    i.TIM_ITRx_SetConfig  stm32f1xx_hal_tim.o
    0x080041a0   0x080041a0   0x00000022   Code   RO         2725    i.TIM_TI1_ConfigInputStage  stm32f1xx_hal_tim.o
    0x080041c2   0x080041c2   0x00000024   Code   RO         2727    i.TIM_TI2_ConfigInputStage  stm32f1xx_hal_tim.o
    0x080041e6   0x080041e6   0x00000010   Code   RO         3527    i.UART_DMAAbortOnError  stm32f1xx_hal_uart.o
    0x080041f6   0x080041f6   0x0000004a   Code   RO         3528    i.UART_DMAError     stm32f1xx_hal_uart.o
    0x08004240   0x08004240   0x0000003c   Code   RO         3529    i.UART_DMAReceiveCplt  stm32f1xx_hal_uart.o
    0x0800427c   0x0800427c   0x0000000a   Code   RO         3531    i.UART_DMARxHalfCplt  stm32f1xx_hal_uart.o
    0x08004286   0x08004286   0x0000001c   Code   RO         3537    i.UART_EndRxTransfer  stm32f1xx_hal_uart.o
    0x080042a2   0x080042a2   0x00000012   Code   RO         3538    i.UART_EndTxTransfer  stm32f1xx_hal_uart.o
    0x080042b4   0x080042b4   0x00000096   Code   RO         3539    i.UART_Receive_IT   stm32f1xx_hal_uart.o
    0x0800434a   0x0800434a   0x00000002   PAD
    0x0800434c   0x0800434c   0x00000170   Code   RO         3540    i.UART_SetConfig    stm32f1xx_hal_uart.o
    0x080044bc   0x080044bc   0x00000062   Code   RO         3541    i.UART_Transmit_IT  stm32f1xx_hal_uart.o
    0x0800451e   0x0800451e   0x00000064   Code   RO         3542    i.UART_WaitOnFlagUntilTimeout  stm32f1xx_hal_uart.o
    0x08004582   0x08004582   0x00000002   PAD
    0x08004584   0x08004584   0x0000000c   Code   RO          893    i.USART1_IRQHandler  stm32f1xx_it.o
    0x08004590   0x08004590   0x0000000c   Code   RO          894    i.USART2_IRQHandler  stm32f1xx_it.o
    0x0800459c   0x0800459c   0x0000005c   Code   RO         5370    i.USART3_IRQHandler  uart_idle.o
    0x080045f8   0x080045f8   0x0000000e   Code   RO         4741    i.USBD_ClrClassConfig  usbd_core.o
    0x08004606   0x08004606   0x00000010   Code   RO         4944    i.USBD_CtlContinueRx  usbd_ioreq.o
    0x08004616   0x08004616   0x00000010   Code   RO         4945    i.USBD_CtlContinueSendData  usbd_ioreq.o
    0x08004626   0x08004626   0x00000016   Code   RO         4879    i.USBD_CtlError     usbd_ctlreq.o
    0x0800463c   0x0800463c   0x00000016   Code   RO         4947    i.USBD_CtlReceiveStatus  usbd_ioreq.o
    0x08004652   0x08004652   0x0000001a   Code   RO         4948    i.USBD_CtlSendData  usbd_ioreq.o
    0x0800466c   0x0800466c   0x00000016   Code   RO         4949    i.USBD_CtlSendStatus  usbd_ioreq.o
    0x08004682   0x08004682   0x00000002   PAD
    0x08004684   0x08004684   0x00000020   Code   RO          804    i.USBD_FS_ConfigStrDescriptor  usbd_desc.o
    0x080046a4   0x080046a4   0x0000000c   Code   RO          805    i.USBD_FS_DeviceDescriptor  usbd_desc.o
    0x080046b0   0x080046b0   0x00000024   Code   RO          806    i.USBD_FS_InterfaceStrDescriptor  usbd_desc.o
    0x080046d4   0x080046d4   0x0000000c   Code   RO          807    i.USBD_FS_LangIDStrDescriptor  usbd_desc.o
    0x080046e0   0x080046e0   0x00000028   Code   RO          808    i.USBD_FS_ManufacturerStrDescriptor  usbd_desc.o
    0x08004708   0x08004708   0x0000002c   Code   RO          809    i.USBD_FS_ProductStrDescriptor  usbd_desc.o
    0x08004734   0x08004734   0x00000024   Code   RO          810    i.USBD_FS_SerialStrDescriptor  usbd_desc.o
    0x08004758   0x08004758   0x000000e0   Code   RO         4880    i.USBD_GetDescriptor  usbd_ctlreq.o
    0x08004838   0x08004838   0x00000046   Code   RO         4881    i.USBD_GetString    usbd_ctlreq.o
    0x0800487e   0x0800487e   0x0000000c   Code   RO         5004    i.USBD_HID_DataIn   usbd_hid.o
    0x0800488a   0x0800488a   0x0000001e   Code   RO         5005    i.USBD_HID_DeInit   usbd_hid.o
    0x080048a8   0x080048a8   0x0000000c   Code   RO         5006    i.USBD_HID_GetCfgDesc  usbd_hid.o
    0x080048b4   0x080048b4   0x0000000c   Code   RO         5007    i.USBD_HID_GetDeviceQualifierDesc  usbd_hid.o
    0x080048c0   0x080048c0   0x00000028   Code   RO         5009    i.USBD_HID_Init     usbd_hid.o
    0x080048e8   0x080048e8   0x000000a0   Code   RO         5011    i.USBD_HID_Setup    usbd_hid.o
    0x08004988   0x08004988   0x0000002a   Code   RO         4743    i.USBD_Init         usbd_core.o
    0x080049b2   0x080049b2   0x00000020   Code   RO          611    i.USBD_LL_ClearStallEP  usbd_conf.o
    0x080049d2   0x080049d2   0x00000020   Code   RO          612    i.USBD_LL_CloseEP   usbd_conf.o
    0x080049f2   0x080049f2   0x000000aa   Code   RO         4744    i.USBD_LL_DataInStage  usbd_core.o
    0x08004a9c   0x08004a9c   0x0000006a   Code   RO         4745    i.USBD_LL_DataOutStage  usbd_core.o
    0x08004b06   0x08004b06   0x00000002   PAD
    0x08004b08   0x08004b08   0x00000084   Code   RO          617    i.USBD_LL_Init      usbd_conf.o
    0x08004b8c   0x08004b8c   0x0000001c   Code   RO          618    i.USBD_LL_IsStallEP  usbd_conf.o
    0x08004ba8   0x08004ba8   0x00000026   Code   RO          619    i.USBD_LL_OpenEP    usbd_conf.o
    0x08004bce   0x08004bce   0x00000020   Code   RO          620    i.USBD_LL_PrepareReceive  usbd_conf.o
    0x08004bee   0x08004bee   0x0000003e   Code   RO         4750    i.USBD_LL_Reset     usbd_core.o
    0x08004c2c   0x08004c2c   0x0000000c   Code   RO         4751    i.USBD_LL_Resume    usbd_core.o
    0x08004c38   0x08004c38   0x00000018   Code   RO         4752    i.USBD_LL_SOF       usbd_core.o
    0x08004c50   0x08004c50   0x00000006   Code   RO         4753    i.USBD_LL_SetSpeed  usbd_core.o
    0x08004c56   0x08004c56   0x00000020   Code   RO          621    i.USBD_LL_SetUSBAddress  usbd_conf.o
    0x08004c76   0x08004c76   0x0000005a   Code   RO         4754    i.USBD_LL_SetupStage  usbd_core.o
    0x08004cd0   0x08004cd0   0x00000020   Code   RO          622    i.USBD_LL_StallEP   usbd_conf.o
    0x08004cf0   0x08004cf0   0x00000020   Code   RO          623    i.USBD_LL_Start     usbd_conf.o
    0x08004d10   0x08004d10   0x00000012   Code   RO         4755    i.USBD_LL_Suspend   usbd_core.o
    0x08004d22   0x08004d22   0x00000020   Code   RO          625    i.USBD_LL_Transmit  usbd_conf.o
    0x08004d42   0x08004d42   0x00000028   Code   RO         4882    i.USBD_ParseSetupRequest  usbd_ctlreq.o
    0x08004d6a   0x08004d6a   0x00000010   Code   RO         4756    i.USBD_RegisterClass  usbd_core.o
    0x08004d7a   0x08004d7a   0x00000016   Code   RO         4758    i.USBD_SetClassConfig  usbd_core.o
    0x08004d90   0x08004d90   0x00000074   Code   RO         4883    i.USBD_SetConfig    usbd_ctlreq.o
    0x08004e04   0x08004e04   0x0000000a   Code   RO         4759    i.USBD_Start        usbd_core.o
    0x08004e0e   0x08004e0e   0x000000f2   Code   RO         4884    i.USBD_StdDevReq    usbd_ctlreq.o
    0x08004f00   0x08004f00   0x000000dc   Code   RO         4885    i.USBD_StdEPReq     usbd_ctlreq.o
    0x08004fdc   0x08004fdc   0x00000034   Code   RO         4886    i.USBD_StdItfReq    usbd_ctlreq.o
    0x08005010   0x08005010   0x00000002   Code   RO          626    i.USBD_static_free  usbd_conf.o
    0x08005012   0x08005012   0x00000002   PAD
    0x08005014   0x08005014   0x00000008   Code   RO          627    i.USBD_static_malloc  usbd_conf.o
    0x0800501c   0x0800501c   0x0000025c   Code   RO         1386    i.USB_ActivateEndpoint  stm32f1xx_ll_usb.o
    0x08005278   0x08005278   0x00000004   Code   RO         1389    i.USB_CoreInit      stm32f1xx_ll_usb.o
    0x0800527c   0x0800527c   0x00000124   Code   RO         1391    i.USB_DeactivateEndpoint  stm32f1xx_ll_usb.o
    0x080053a0   0x080053a0   0x00000004   Code   RO         1392    i.USB_DevConnect    stm32f1xx_ll_usb.o
    0x080053a4   0x080053a4   0x00000004   Code   RO         1393    i.USB_DevDisconnect  stm32f1xx_ll_usb.o
    0x080053a8   0x080053a8   0x0000001e   Code   RO         1394    i.USB_DevInit       stm32f1xx_ll_usb.o
    0x080053c6   0x080053c6   0x0000000e   Code   RO         1395    i.USB_DisableGlobalInt  stm32f1xx_ll_usb.o
    0x080053d4   0x080053d4   0x00000004   Code   RO         1396    i.USB_EP0_OutStart  stm32f1xx_ll_usb.o
    0x080053d8   0x080053d8   0x0000006a   Code   RO         1397    i.USB_EPClearStall  stm32f1xx_ll_usb.o
    0x08005442   0x08005442   0x0000004a   Code   RO         1398    i.USB_EPSetStall    stm32f1xx_ll_usb.o
    0x0800548c   0x0800548c   0x000001aa   Code   RO         1399    i.USB_EPStartXfer   stm32f1xx_ll_usb.o
    0x08005636   0x08005636   0x0000000e   Code   RO         1400    i.USB_EnableGlobalInt  stm32f1xx_ll_usb.o
    0x08005644   0x08005644   0x0000000c   Code   RO          895    i.USB_LP_CAN1_RX0_IRQHandler  stm32f1xx_it.o
    0x08005650   0x08005650   0x00000006   Code   RO         1407    i.USB_ReadInterrupts  stm32f1xx_ll_usb.o
    0x08005656   0x08005656   0x00000002   PAD
    0x08005658   0x08005658   0x0000001e   Code   RO         1408    i.USB_ReadPMA       stm32f1xx_ll_usb.o
    0x08005676   0x08005676   0x00000004   Code   RO         1410    i.USB_SetCurrentMode  stm32f1xx_ll_usb.o
    0x0800567a   0x0800567a   0x0000000c   Code   RO         1411    i.USB_SetDevAddress  stm32f1xx_ll_usb.o
    0x08005686   0x08005686   0x00000026   Code   RO         1413    i.USB_WritePMA      stm32f1xx_ll_usb.o
    0x080056ac   0x080056ac   0x00000002   Code   RO          896    i.UsageFault_Handler  stm32f1xx_it.o
    0x080056ae   0x080056ae   0x00000002   Code   RO           16    i._Error_Handler    main.o
    0x080056b0   0x080056b0   0x00000020   Code   RO         5706    i.__0printf         mc_w.l(printfa.o)
    0x080056d0   0x080056d0   0x0000000e   Code   RO         5812    i.__scatterload_copy  mc_w.l(handlers.o)
    0x080056de   0x080056de   0x00000002   Code   RO         5813    i.__scatterload_null  mc_w.l(handlers.o)
    0x080056e0   0x080056e0   0x0000000e   Code   RO         5814    i.__scatterload_zeroinit  mc_w.l(handlers.o)
    0x080056ee   0x080056ee   0x00000002   PAD
    0x080056f0   0x080056f0   0x00000184   Code   RO         5713    i._fp_digits        mc_w.l(printfa.o)
    0x08005874   0x08005874   0x000006dc   Code   RO         5714    i._printf_core      mc_w.l(printfa.o)
    0x08005f50   0x08005f50   0x00000024   Code   RO         5715    i._printf_post_padding  mc_w.l(printfa.o)
    0x08005f74   0x08005f74   0x0000002e   Code   RO         5716    i._printf_pre_padding  mc_w.l(printfa.o)
    0x08005fa2   0x08005fa2   0x00000002   PAD
    0x08005fa4   0x08005fa4   0x00000090   Code   RO         5082    i.at_receive_handle  atcmd.o
    0x08006034   0x08006034   0x0000001c   Code   RO         5371    i.fputc             uart_idle.o
    0x08006050   0x08006050   0x000000ec   Code   RO           17    i.main              main.o
    0x0800613c   0x0800613c   0x00000010   Data   RO         4705    .constdata          system_stm32f1xx.o
    0x0800614c   0x0800614c   0x00000008   Data   RO         4706    .constdata          system_stm32f1xx.o
    0x08006154   0x08006154   0x00000020   Data   RO         5810    Region$$Table       anon$$obj.o


    Execution Region RW_IRAM1 (Exec base: 0x20000000, Load base: 0x08006174, Size: 0x00003be8, Max: 0x00005000, ABSOLUTE)

    Exec Addr    Load Addr    Size         Type   Attr      Idx    E Section Name        Object

    0x20000000   0x08006174   0x0000001c   Data   RW          812    .data               usbd_desc.o
    0x2000001c   0x08006190   0x00000016   Data   RW          813    .data               usbd_desc.o
    0x20000032   0x080061a6   0x00000002   PAD
    0x20000034   0x080061a8   0x0000000c   Data   RW         3838    .data               stm32f1xx_hal.o
    0x20000040   0x080061b4   0x00000004   Data   RW         4707    .data               system_stm32f1xx.o
    0x20000044   0x080061b8   0x00000001   Data   RW         4887    .data               usbd_ctlreq.o
    0x20000045   0x080061b9   0x00000003   PAD
    0x20000048   0x080061bc   0x00000038   Data   RW         5012    .data               usbd_hid.o
    0x20000080   0x080061f4   0x00000086   Data   RW         5013    .data               usbd_hid.o
    0x20000106   0x0800627a   0x00000002   PAD
    0x20000108   0x0800627c   0x00000008   Data   RW         5379    .data               uart_idle.o
    0x20000110   0x08006284   0x00000004   Data   RW         5782    .data               mc_w.l(stdout.o)
    0x20000114        -       0x00000054   Zero   RW          283    .bss                i2c.o
    0x20000168        -       0x0000000c   Zero   RW          323    .bss                iwdg.o
    0x20000174        -       0x00000014   Zero   RW          355    .bss                rtc.o
    0x20000188        -       0x000000b0   Zero   RW          398    .bss                spi.o
    0x20000238        -       0x000000c0   Zero   RW          447    .bss                tim.o
    0x200002f8        -       0x00000258   Zero   RW          501    .bss                usart.o
    0x20000550        -       0x00000224   Zero   RW          551    .bss                usb_device.o
    0x20000774        -       0x00000474   Zero   RW          628    .bss                usbd_conf.o
    0x20000be8        -       0x00000200   Zero   RW          811    .bss                usbd_desc.o
    0x20000de8        -       0x00000040   Zero   RW         1068    .bss                stm32f1xx_hal_timebase_tim.o
    0x20000e28        -       0x000001a4   Zero   RW         5090    .bss                atcmd.o
    0x20000fcc        -       0x00000100   Zero   RW         5374    .bss                uart_idle.o
    0x200010cc        -       0x00002718   Zero   RW         5418    .bss                memalloc.o
    0x200037e4   0x08006288   0x00000004   PAD
    0x200037e8        -       0x00000400   Zero   RW            1    STACK               startup_stm32f103xb.o


==============================================================================

Image component sizes


      Code (inc. data)   RO Data    RW Data    ZI Data      Debug   Object Name

       144         42          0          0        420       3053   atcmd.o
        28          6          0          0          0        682   dma.o
       160         18          0          0          0       2103   gpio.o
       152         44          0          0         84       1489   i2c.o
        64         24          0          0         12        655   iwdg.o
       634         58          0          0          0     473721   main.o
       204         30          0          0      10008       1960   memalloc.o
       192         38          0          0         20       1463   rtc.o
       324         72          0          0        176       2106   spi.o
        36          8        236          0       1024        784   startup_stm32f103xb.o
       100         18          0         12          0       3082   stm32f1xx_hal.o
       228         14          0          0          0      27241   stm32f1xx_hal_cortex.o
       794         36          0          0          0       4786   stm32f1xx_hal_dma.o
       488         42          0          0          0       4465   stm32f1xx_hal_gpio.o
      2904         58          0          0          0      18945   stm32f1xx_hal_i2c.o
        94          0          0          0          0       1655   stm32f1xx_hal_iwdg.o
       144         10          0          0          0        878   stm32f1xx_hal_msp.o
      1794          0          0          0          0       9225   stm32f1xx_hal_pcd.o
        52          0          0          0          0       1142   stm32f1xx_hal_pcd_ex.o
        12          4          0          0          0        495   stm32f1xx_hal_pwr.o
      1368        116          0          0          0       6165   stm32f1xx_hal_rcc.o
       436         48          0          0          0       2477   stm32f1xx_hal_rcc_ex.o
       922         14          0          0          0       9156   stm32f1xx_hal_rtc.o
        64          0          0          0          0       2037   stm32f1xx_hal_rtc_ex.o
       214          6          0          0          0       2545   stm32f1xx_hal_spi.o
       130          0          0          0          0       1031   stm32f1xx_hal_spi_ex.o
       900         14          0          0          0       9199   stm32f1xx_hal_tim.o
        84          0          0          0          0       2262   stm32f1xx_hal_tim_ex.o
       116         18          0          0         64       1392   stm32f1xx_hal_timebase_tim.o
      1726         24          0          0          0      13019   stm32f1xx_hal_uart.o
       208         90          0          0          0      10266   stm32f1xx_it.o
      1666          0          0          0          0      12327   stm32f1xx_ll_usb.o
        72         16         24          4          0       1111   system_stm32f1xx.o
       432         84          0          0        192       2760   tim.o
       120         22          0          8        256       2016   uart_idle.o
       800        124          0          0        600       3310   usart.o
        44         14          0          0        548        668   usb_device.o
       616         48          0          0       1140      12217   usbd_conf.o
       592          0          0          0          0       8916   usbd_core.o
       986         30          0          1          0       7588   usbd_ctlreq.o
       212        116          0         50        512       4763   usbd_desc.o
       266         12          0        190          0       5747   usbd_hid.o
       102          0          0          0          0       3548   usbd_ioreq.o

    ----------------------------------------------------------------------
     20672       1318        292        272      15060     684450   Object Totals
         0          0         32          0          0          0   (incl. Generated)
        48          0          0          7          4          0   (incl. Padding)

    ----------------------------------------------------------------------

      Code (inc. data)   RO Data    RW Data    ZI Data      Debug   Library Member Name

         0          0          0          0          0          0   entry.o
         0          0          0          0          0          0   entry10a.o
         0          0          0          0          0          0   entry11a.o
         8          4          0          0          0          0   entry2.o
         4          0          0          0          0          0   entry5.o
         0          0          0          0          0          0   entry7b.o
         0          0          0          0          0          0   entry8b.o
         8          4          0          0          0          0   entry9a.o
        30          0          0          0          0          0   handlers.o
        36          8          0          0          0         68   init.o
         0          0          0          0          0          0   iusefp.o
        30          0          0          0          0         68   llshl.o
        36          0          0          0          0         68   llsshr.o
        32          0          0          0          0         68   llushr.o
        36          0          0          0          0         68   memcpya.o
        36          0          0          0          0        108   memseta.o
      2258         90          0          0          0        452   printfa.o
         0          0          0          4          0          0   stdout.o
        44          0          0          0          0         80   uidiv.o
        98          0          0          0          0         92   uldiv.o
        48          0          0          0          0         68   cdrcmple.o
       334          0          0          0          0        148   dadd.o
       222          0          0          0          0        100   ddiv.o
       186          0          0          0          0        176   depilogue.o
        48          0          0          0          0         68   dfixul.o
       228          0          0          0          0         96   dmul.o
        38          0          0          0          0         68   f2d.o
       110          0          0          0          0        168   fepilogue.o
        10          0          0          0          0         68   ffltui.o
       100          0          0          0          0         76   fmul.o

    ----------------------------------------------------------------------
      3984        106          0          4          0       2108   Library Totals
         4          0          0          0          0          0   (incl. Padding)

    ----------------------------------------------------------------------

      Code (inc. data)   RO Data    RW Data    ZI Data      Debug   Library Name

      2656        106          0          4          0       1072   mc_w.l
      1324          0          0          0          0       1036   mf_w.l

    ----------------------------------------------------------------------
      3984        106          0          4          0       2108   Library Totals

    ----------------------------------------------------------------------

==============================================================================


      Code (inc. data)   RO Data    RW Data    ZI Data      Debug   

     24656       1424        292        276      15060     672358   Grand Totals
     24656       1424        292        276      15060     672358   ELF Image Totals
     24656       1424        292        276          0          0   ROM Totals

==============================================================================

    Total RO  Size (Code + RO Data)                24948 (  24.36kB)
    Total RW  Size (RW Data + ZI Data)             15336 (  14.98kB)
    Total ROM Size (Code + RO Data + RW Data)      25224 (  24.63kB)

==============================================================================

